Archive member included to satisfy reference by file (symbol)

c:/program files/microchip/xc8/v2.50/avr/bin/../lib/gcc/avr/5.4.0/../../../../avr/lib/avr5\libm.a(cmpsf2.o)
                              build/default/production/buzzer.o (__ltsf2)
c:/program files/microchip/xc8/v2.50/avr/bin/../lib/gcc/avr/5.4.0/../../../../avr/lib/avr5\libm.a(fixunssfsi.o)
                              build/default/production/buzzer.o (__fixunssfsi)
c:/program files/microchip/xc8/v2.50/avr/bin/../lib/gcc/avr/5.4.0/../../../../avr/lib/avr5\libm.a(floatsisf.o)
                              build/default/production/lm35.o (__floatunsisf)
c:/program files/microchip/xc8/v2.50/avr/bin/../lib/gcc/avr/5.4.0/../../../../avr/lib/avr5\libm.a(fp_cmp.o)
                              c:/program files/microchip/xc8/v2.50/avr/bin/../lib/gcc/avr/5.4.0/../../../../avr/lib/avr5\libm.a(cmpsf2.o) (__fp_cmp)
c:/program files/microchip/xc8/v2.50/avr/bin/../lib/gcc/avr/5.4.0/../../../../avr/lib/avr5\libm.a(fp_split3.o)
                              c:/program files/microchip/xc8/v2.50/avr/bin/../lib/gcc/avr/5.4.0/../../../../avr/lib/avr5\libm.a(fixunssfsi.o) (__fp_splitA)
c:/program files/microchip/xc8/v2.50/avr/bin/../lib/gcc/avr/5.4.0/../../../../avr/lib/avr5\libm.a(fp_zero.o)
                              c:/program files/microchip/xc8/v2.50/avr/bin/../lib/gcc/avr/5.4.0/../../../../avr/lib/avr5\libm.a(fixunssfsi.o) (__fp_zero)
c:/program files/microchip/xc8/v2.50/avr/bin/../lib/gcc/avr/5.4.0/../../../../avr/lib/avr5\libm.a(gesf2.o)
                              build/default/production/buzzer.o (__gtsf2)
c:/program files/microchip/xc8/v2.50/avr/bin/../lib/gcc/avr/5.4.0/../../../../avr/lib/avr5\libm.a(mulsf3.o)
                              build/default/production/buzzer.o (__mulsf3)
c:/program files/microchip/xc8/v2.50/avr/bin/../lib/gcc/avr/5.4.0/../../../../avr/lib/avr5\libm.a(mulsf3x.o)
                              c:/program files/microchip/xc8/v2.50/avr/bin/../lib/gcc/avr/5.4.0/../../../../avr/lib/avr5\libm.a(mulsf3.o) (__mulsf3x)
c:/program files/microchip/xc8/v2.50/avr/bin/../lib/gcc/avr/5.4.0/../../../../avr/lib/avr5\libm.a(fp_inf.o)
                              c:/program files/microchip/xc8/v2.50/avr/bin/../lib/gcc/avr/5.4.0/../../../../avr/lib/avr5\libm.a(mulsf3x.o) (__fp_inf)
c:/program files/microchip/xc8/v2.50/avr/bin/../lib/gcc/avr/5.4.0/../../../../avr/lib/avr5\libm.a(fp_nan.o)
                              c:/program files/microchip/xc8/v2.50/avr/bin/../lib/gcc/avr/5.4.0/../../../../avr/lib/avr5\libm.a(mulsf3x.o) (__fp_nan)
c:/program files/microchip/xc8/v2.50/avr/bin/../lib/gcc/avr/5.4.0/../../../../avr/lib/avr5\libm.a(fp_pscA.o)
                              c:/program files/microchip/xc8/v2.50/avr/bin/../lib/gcc/avr/5.4.0/../../../../avr/lib/avr5\libm.a(mulsf3x.o) (__fp_pscA)
c:/program files/microchip/xc8/v2.50/avr/bin/../lib/gcc/avr/5.4.0/../../../../avr/lib/avr5\libm.a(fp_pscB.o)
                              c:/program files/microchip/xc8/v2.50/avr/bin/../lib/gcc/avr/5.4.0/../../../../avr/lib/avr5\libm.a(mulsf3x.o) (__fp_pscB)
c:/program files/microchip/xc8/v2.50/avr/bin/../lib/gcc/avr/5.4.0/../../../../avr/lib/avr5\libm.a(fp_round.o)
                              c:/program files/microchip/xc8/v2.50/avr/bin/../lib/gcc/avr/5.4.0/../../../../avr/lib/avr5\libm.a(mulsf3.o) (__fp_round)
c:/program files/microchip/xc8/v2.50/avr/bin/../lib/gcc/avr/5.4.0/avr5\libgcc.a(_divmodhi4.o)
                              build/default/production/main.o (__divmodhi4)
c:/program files/microchip/xc8/v2.50/avr/bin/../lib/gcc/avr/5.4.0/avr5\libgcc.a(_tablejump2.o)
                              build/default/production/seg_7.o (__tablejump2__)
c:/program files/microchip/xc8/v2.50/avr/bin/../lib/gcc/avr/5.4.0/avr5\libgcc.a(_copy_data.o)
                              build/default/production/main.o (__do_copy_data)
c:/program files/microchip/xc8/v2.50/avr/bin/../lib/gcc/avr/5.4.0/avr5\libgcc.a(_udivmodhi4.o)
                              c:/program files/microchip/xc8/v2.50/avr/bin/../lib/gcc/avr/5.4.0/avr5\libgcc.a(_divmodhi4.o) (__udivmodhi4)
c:/program files/microchip/xc8/v2.50/avr/bin/../lib/gcc/avr/5.4.0/../../../../avr/lib/avr5\libc.a(exit.o)
                              C:/Program Files/Microchip/MPLABX/v6.20/packs/Microchip/ATmega_DFP/3.1.264/xc8/avr/lib/avr5/crtatmega32a.o (exit)
c:/program files/microchip/xc8/v2.50/avr/bin/../lib/gcc/avr/5.4.0/../../../../avr/lib/avr5\libc.a(__sio_sprintf_doux.o)
                              build/default/production/lcd1602.o (_sprintf_cdopuxX)
c:/program files/microchip/xc8/v2.50/avr/bin/../lib/gcc/avr/5.4.0/../../../../avr/lib/avr5\libc.a(__fmt_d.o)
                              c:/program files/microchip/xc8/v2.50/avr/bin/../lib/gcc/avr/5.4.0/../../../../avr/lib/avr5\libc.a(__sio_sprintf_doux.o) (__fmt_d_needed)
c:/program files/microchip/xc8/v2.50/avr/bin/../lib/gcc/avr/5.4.0/../../../../avr/lib/avr5\libc.a(__fmt_o.o)
[...]
Memory Configuration

Name             Origin             Length             Attributes
text             0x0000000000000000 0x0000000000008000 xr
data             0x0000000000800060 0x0000000000000800 rw !x
eeprom           0x0000000000810000 0x0000000000000400 rw !x
fuse             0x0000000000820000 0x0000000000000002 rw !x
lock             0x0000000000830000 0x0000000000000400 rw !x
signature        0x0000000000840000 0x0000000000000400 rw !x
user_signatures  0x0000000000850000 0x0000000000000400 rw !x
bootrow          0x0000000000860000 0x0000000000000400 rw !x
*default*        0x0000000000000000 0xffffffffffffffff

Linker script and memory map

LOAD C:/Program Files/Microchip/MPLABX/v6.20/packs/Microchip/ATmega_DFP/3.1.264/xc8/avr/lib/avr5/crtatmega32a.o
                0x0000000000000001                __MPLAB_BUILD = 0x1
LOAD build/default/production/main.o
LOAD build/default/production/DIO.o
LOAD build/default/production/keypad_3x3.o
LOAD build/default/production/buzzer.o
LOAD build/default/production/led.o
LOAD build/default/production/seg_7.o
LOAD build/default/production/lcd1602.o
LOAD build/default/production/INTERRUPT.o
LOAD build/default/production/ADC.o
LOAD build/default/production/lm35.o
LOAD build/default/production/TIMER.o
START GROUP
LOAD c:/program files/microchip/xc8/v2.50/avr/bin/../lib/gcc/avr/5.4.0/../../../../avr/lib/avr5\libm.a
END GROUP
START GROUP
LOAD c:/program files/microchip/xc8/v2.50/avr/bin/../lib/gcc/avr/5.4.0/avr5\libgcc.a
LOAD c:/program files/microchip/xc8/v2.50/avr/bin/../lib/gcc/avr/5.4.0/../../../../avr/lib/avr5\libm.a
LOAD c:/program files/microchip/xc8/v2.50/avr/bin/../lib/gcc/avr/5.4.0/../../../../avr/lib/avr5\libc.a
LOAD C:/Program Files/Microchip/MPLABX/v6.20/packs/Microchip/ATmega_DFP/3.1.264/xc8/avr/lib/avr5\libatmega32a.a
END GROUP
                [0x0000000000000000]                __TEXT_REGION_ORIGIN__ = DEFINED (__TEXT_REGION_ORIGIN__)?__TEXT_REGION_ORIGIN__:0x0
                [0x0000000000800060]                __DATA_REGION_ORIGIN__ = DEFINED (__DATA_REGION_ORIGIN__)?__DATA_REGION_ORIGIN__:0x800060
                [0x0000000000008000]                __TEXT_REGION_LENGTH__ = DEFINED (__TEXT_REGION_LENGTH__)?__TEXT_REGION_LENGTH__:0x20000
                [0x0000000000000800]                __DATA_REGION_LENGTH__ = DEFINED (__DATA_REGION_LENGTH__)?__DATA_REGION_LENGTH__:0xffa0
                [0x0000000000000400]                __EEPROM_REGION_LENGTH__ = DEFINED (__EEPROM_REGION_LENGTH__)?__EEPROM_REGION_LENGTH__:0x10000
                [0x0000000000000002]                __FUSE_REGION_LENGTH__ = DEFINED (__FUSE_REGION_LENGTH__)?__FUSE_REGION_LENGTH__:0x400
                0x0000000000000400                __LOCK_REGION_LENGTH__ = DEFINED (__LOCK_REGION_LENGTH__)?__LOCK_REGION_LENGTH__:0x400
                0x0000000000000400                __SIGNATURE_REGION_LENGTH__ = DEFINED (__SIGNATURE_REGION_LENGTH__)?__SIGNATURE_REGION_LENGTH__:0x400
                0x0000000000000400                __USER_SIGNATURE_REGION_LENGTH__ = DEFINED (__USER_SIGNATURE_REGION_LENGTH__)?__USER_SIGNATURE_REGION_LENGTH__:0x400
                0x0000000000000400                __BOOTROW_REGION_LENGTH__ = DEFINED (__BOOTROW_REGION_LENGTH__)?__BOOTROW_REGION_LENGTH__:0x400

.hash
 *(.hash)

.dynsym
 *(.dynsym)

.dynstr
 *(.dynstr)

.gnu.version
 *(.gnu.version)

.gnu.version_d
 *(.gnu.version_d)

.gnu.version_r
 *(.gnu.version_r)

.rel.init
 *(.rel.init)

.rela.init
 *(.rela.init)

.rel.text
 *(.rel.text)
 *(.rel.text.*)
 *(.rel.gnu.linkonce.t*)

.rela.text
 *(.rela.text)
 *(.rela.text.*)
 *(.rela.gnu.linkonce.t*)

.rel.fini
 *(.rel.fini)

.rela.fini
 *(.rela.fini)

.rel.rodata
 *(.rel.rodata)
 *(.rel.rodata.*)
 *(.rel.gnu.linkonce.r*)

.rela.rodata
 *(.rela.rodata)
 *(.rela.rodata.*)
 *(.rela.gnu.linkonce.r*)

.rel.data
 *(.rel.data)
 *(.rel.data.*)
 *(.rel.gnu.linkonce.d*)

.rela.data
 *(.rela.data)
 *(.rela.data.*)
 *(.rela.gnu.linkonce.d*)

.rel.ctors
 *(.rel.ctors)

.rela.ctors
 *(.rela.ctors)

.rel.dtors
 *(.rel.dtors)

.rela.dtors
 *(.rela.dtors)

.rel.got
 *(.rel.got)

.rela.got
 *(.rela.got)

.rel.bss
 *(.rel.bss)

.rela.bss
 *(.rela.bss)

.rel.plt
 *(.rel.plt)

.rela.plt
 *(.rela.plt)

.text           0x0000000000000000       0xc0
 *(.vectors)
 .vectors       0x0000000000000000       0x54 C:/Program Files/Microchip/MPLABX/v6.20/packs/Microchip/ATmega_DFP/3.1.264/xc8/avr/lib/avr5/crtatmega32a.o
                0x0000000000000000                __vector_default
                0x0000000000000000                __vectors
 *(.vectors)
 *(.progmem.gcc*)
 *(.dinit)
 .dinit         0x0000000000000054       0x18 data_init
                0x000000000000006c                . = ALIGN (0x2)
 *fill*         0x000000000000006c        0x0 
                0x000000000000006c                __trampolines_start = .
 *(.trampolines)
 .trampolines   0x000000000000006c        0x0 linker stubs
 *(.trampolines*)
                0x000000000000006c                __trampolines_end = .
 *libprintf_flt.a:*(.progmem.data)
 *libc.a:*(.progmem.data)
                0x000000000000006c                . = ALIGN (0x2)
 *(.jumptables)
 *(.jumptables*)
 *(.lowtext)
 *(.lowtext*)
                0x000000000000006c                __ctors_start = .
 *(.ctors)
                0x000000000000006c                __ctors_end = .
                0x000000000000006c                __dtors_start = .
 *(.dtors)
                0x000000000000006c                __dtors_end = .
 SORT(*)(.ctors)
 SORT(*)(.dtors)
 *(.init0)
 .init0         0x000000000000006c        0x0 C:/Program Files/Microchip/MPLABX/v6.20/packs/Microchip/ATmega_DFP/3.1.264/xc8/avr/lib/avr5/crtatmega32a.o
                0x000000000000006c                __init
 *(.init0)
 *(.init1)
 *(.init1)
 *(.init2)
 .init2         0x000000000000006c        0xc C:/Program Files/Microchip/MPLABX/v6.20/packs/Microchip/ATmega_DFP/3.1.264/xc8/avr/lib/avr5/crtatmega32a.o
 *(.init2)
 *(.init3)
 *(.init3)
 *(.init4)
 .init4         0x0000000000000078       0x3c c:/program files/microchip/xc8/v2.50/avr/bin/../lib/gcc/avr/5.4.0/avr5\libgcc.a(_copy_data.o)
                0x0000000000000078                __do_copy_data
                0x00000000000000a6                __do_clear_bss
 *(.init4)
 *(.init5)
 *(.init5)
 *(.init6)
 *(.init6)
 *(.init7)
 *(.init7)
 *(.init8)
 *(.init8)
 *(.init9)
 .init9         0x00000000000000b4        0x8 C:/Program Files/Microchip/MPLABX/v6.20/packs/Microchip/ATmega_DFP/3.1.264/xc8/avr/lib/avr5/crtatmega32a.o
 *(.init9)
                0x00000000000000bc                . = ALIGN (0x2)
 *(.fini9)
 .fini9         0x00000000000000bc        0x0 c:/program files/microchip/xc8/v2.50/avr/bin/../lib/gcc/avr/5.4.0/avr5\libgcc.a(_exit.o)
                0x00000000000000bc                _exit
 *(.fini9)
 *(.fini8)
 *(.fini8)
 *(.fini7)
 *(.fini7)
 *(.fini6)
 *(.fini6)
 *(.fini5)
 *(.fini5)
 *(.fini4)
 *(.fini4)
 *(.fini3)
 *(.fini3)
 *(.fini2)
 *(.fini2)
 *(.fini1)
 *(.fini1)
 *(.fini0)
 .fini0         0x00000000000000bc        0x4 c:/program files/microchip/xc8/v2.50/avr/bin/../lib/gcc/avr/5.4.0/avr5\libgcc.a(_exit.o)
 *(.fini0)
                0x00000000000000c0                _etext = .

.data           0x0000000000800060        0x0 load address 0x00000000000000c0
                [!provide]                        PROVIDE (__data_start, .)
 *(.gnu.linkonce.d*)
 *(.gnu.linkonce.r*)
                0x0000000000800060                . = ALIGN (0x2)
                0x0000000000800060                _edata = .
                [!provide]                        PROVIDE (__data_end, .)

.bss            0x0000000000800060        0x2
                [!provide]                        PROVIDE (__bss_start, .)
 *(COMMON)
 COMMON         0x0000000000800060        0x2 c:/program files/microchip/xc8/v2.50/avr/bin/../lib/gcc/avr/5.4.0/../../../../avr/lib/avr5\libc.a(errno.o)
                0x0000000000800060                __errno_val
                [!provide]                        PROVIDE (__bss_end, .)
                0x00000000000000c0                __data_load_start = LOADADDR (.data)
                0x00000000000000c0                __data_load_end = (__data_load_start + SIZEOF (.data))

.noinit         0x0000000000800062        0x0
                [!provide]                        PROVIDE (__noinit_start, .)
 *(.noinit*)
                [!provide]                        PROVIDE (__noinit_end, .)
                0x0000000000800062                _end = .

.eeprom         0x0000000000810000        0x0
 *(.eeprom*)
                0x0000000000810000                __eeprom_end = .

.fuse
 *(.fuse)
 *(.lfuse)
 *(.hfuse)
 *(.efuse)

.lock
 *(.lock*)

.signature
 *(.signature*)

.user_signatures
 *(.user_signatures*)

.bootrow
 *(.bootrow*)

.stab
 *(.stab)

.stabstr
 *(.stabstr)

.stab.excl
 *(.stab.excl)

.stab.exclstr
 *(.stab.exclstr)

.stab.index
 *(.stab.index)

.stab.indexstr
 *(.stab.indexstr)

.comment        0x0000000000000000       0x5b
 *(.comment)
 .comment       0x0000000000000000       0x2f build/default/production/main.o
                                         0x30 (size before relaxing)
 .comment       0x000000000000002f       0x30 build/default/production/DIO.o
 .comment       0x000000000000002f       0x30 build/default/production/keypad_3x3.o
 .comment       0x000000000000002f       0x30 build/default/production/lcd1602.o
 .comment       0x000000000000002f       0x30 build/default/production/INTERRUPT.o
 .comment       0x000000000000002f       0x30 build/default/production/ADC.o
 .comment       0x000000000000002f       0x30 build/default/production/TIMER.o
 .comment       0x000000000000002f       0x2c c:/program files/microchip/xc8/v2.50/avr/bin/../lib/gcc/avr/5.4.0/../../../../avr/lib/avr5\libc.a(exit.o)
                                         0x2d (size before relaxing)
 .comment       0x000000000000005b       0x2d c:/program files/microchip/xc8/v2.50/avr/bin/../lib/gcc/avr/5.4.0/../../../../avr/lib/avr5\libc.a(__sio_sprintf_doux.o)
 .comment       0x000000000000005b       0x2d c:/program files/microchip/xc8/v2.50/avr/bin/../lib/gcc/avr/5.4.0/../../../../avr/lib/avr5\libc.a(__fmt_d.o)
 .comment       0x000000000000005b       0x2d c:/program files/microchip/xc8/v2.50/avr/bin/../lib/gcc/avr/5.4.0/../../../../avr/lib/avr5\libc.a(__fmt_o.o)
 .comment       0x000000000000005b       0x2d c:/program files/microchip/xc8/v2.50/avr/bin/../lib/gcc/avr/5.4.0/../../../../avr/lib/avr5\libc.a(__fmt_s.o)
 .comment       0x000000000000005b       0x2d c:/program files/microchip/xc8/v2.50/avr/bin/../lib/gcc/avr/5.4.0/../../../../avr/lib/avr5\libc.a(__fmt_u.o)
 .comment       0x000000000000005b       0x2d c:/program files/microchip/xc8/v2.50/avr/bin/../lib/gcc/avr/5.4.0/../../../../avr/lib/avr5\libc.a(__fmt_x.o)
 .comment       0x000000000000005b       0x2d c:/program files/microchip/xc8/v2.50/avr/bin/../lib/gcc/avr/5.4.0/../../../../avr/lib/avr5\libc.a(__pop_int.o)
 .comment       0x000000000000005b       0x2d c:/program files/microchip/xc8/v2.50/avr/bin/../lib/gcc/avr/5.4.0/../../../../avr/lib/avr5\libc.a(__printf_core.o)
 .comment       0x000000000000005b       0x2d c:/program files/microchip/xc8/v2.50/avr/bin/../lib/gcc/avr/5.4.0/../../../../avr/lib/avr5\libc.a(fputc.o)
 .comment       0x000000000000005b       0x2d c:/program files/microchip/xc8/v2.50/avr/bin/../lib/gcc/avr/5.4.0/../../../../avr/lib/avr5\libc.a(strlen.o)
 .comment       0x000000000000005b       0x2d c:/program files/microchip/xc8/v2.50/avr/bin/../lib/gcc/avr/5.4.0/../../../../avr/lib/avr5\libc.a(tolower.o)
 .comment       0x000000000000005b       0x2d c:/program files/microchip/xc8/v2.50/avr/bin/../lib/gcc/avr/5.4.0/../../../../avr/lib/avr5\libc.a(toupper.o)
 .comment       0x000000000000005b       0x2d c:/program files/microchip/xc8/v2.50/avr/bin/../lib/gcc/avr/5.4.0/../../../../avr/lib/avr5\libc.a(errno.o)
 .comment       0x000000000000005b       0x2d c:/program files/microchip/xc8/v2.50/avr/bin/../lib/gcc/avr/5.4.0/../../../../avr/lib/avr5\libc.a(_Exit.o)
 .comment       0x000000000000005b       0x2d c:/program files/microchip/xc8/v2.50/avr/bin/../lib/gcc/avr/5.4.0/../../../../avr/lib/avr5\libc.a(__int_vsprintf.o)
 .comment       0x000000000000005b       0x2d c:/program files/microchip/xc8/v2.50/avr/bin/../lib/gcc/avr/5.4.0/../../../../avr/lib/avr5\libc.a(__int_vsnprintf.o)
 .comment       0x000000000000005b       0x2d c:/program files/microchip/xc8/v2.50/avr/bin/../lib/gcc/avr/5.4.0/../../../../avr/lib/avr5\libc.a(__int_vfprintf.o)

.stack.descriptors.hdr
                0x0000000000000000      0x134
 .stack.descriptors.hdr
                0x0000000000000000        0xe c:/program files/microchip/xc8/v2.50/avr/bin/../lib/gcc/avr/5.4.0/avr5\libgcc.a(_divmodhi4.o)
 .stack.descriptors.hdr
                0x000000000000000e        0xe c:/program files/microchip/xc8/v2.50/avr/bin/../lib/gcc/avr/5.4.0/avr5\libgcc.a(_udivmodhi4.o)
 .stack.descriptors.hdr
                0x000000000000001c        0xe c:/program files/microchip/xc8/v2.50/avr/bin/../lib/gcc/avr/5.4.0/../../../../avr/lib/avr5\libc.a(exit.o)
 .stack.descriptors.hdr
                0x000000000000002a        0xe c:/program files/microchip/xc8/v2.50/avr/bin/../lib/gcc/avr/5.4.0/../../../../avr/lib/avr5\libc.a(__sio_sprintf_doux.o)
 .stack.descriptors.hdr
                0x0000000000000038        0xe c:/program files/microchip/xc8/v2.50/avr/bin/../lib/gcc/avr/5.4.0/../../../../avr/lib/avr5\libc.a(__fmt_d.o)
 .stack.descriptors.hdr
                0x0000000000000046        0xe c:/program files/microchip/xc8/v2.50/avr/bin/../lib/gcc/avr/5.4.0/../../../../avr/lib/avr5\libc.a(__fmt_o.o)
 .stack.descriptors.hdr
                0x0000000000000054        0xe c:/program files/microchip/xc8/v2.50/avr/bin/../lib/gcc/avr/5.4.0/../../../../avr/lib/avr5\libc.a(__fmt_s.o)
 .stack.descriptors.hdr
                0x0000000000000062        0xe c:/program files/microchip/xc8/v2.50/avr/bin/../lib/gcc/avr/5.4.0/../../../../avr/lib/avr5\libc.a(__fmt_u.o)
 .stack.descriptors.hdr
                0x0000000000000070        0xe c:/program files/microchip/xc8/v2.50/avr/bin/../lib/gcc/avr/5.4.0/../../../../avr/lib/avr5\libc.a(__fmt_x.o)
 .stack.descriptors.hdr
                0x000000000000007e        0xe c:/program files/microchip/xc8/v2.50/avr/bin/../lib/gcc/avr/5.4.0/../../../../avr/lib/avr5\libc.a(__pop_int.o)
 .stack.descriptors.hdr
                0x000000000000008c        0xe c:/program files/microchip/xc8/v2.50/avr/bin/../lib/gcc/avr/5.4.0/../../../../avr/lib/avr5\libc.a(__printf_core.o)
 .stack.descriptors.hdr
                0x000000000000009a        0xe c:/program files/microchip/xc8/v2.50/avr/bin/../lib/gcc/avr/5.4.0/../../../../avr/lib/avr5\libc.a(fputc.o)
 .stack.descriptors.hdr
                0x00000000000000a8        0xe c:/program files/microchip/xc8/v2.50/avr/bin/../lib/gcc/avr/5.4.0/../../../../avr/lib/avr5\libc.a(strlen.o)
 .stack.descriptors.hdr
                0x00000000000000b6        0xe c:/program files/microchip/xc8/v2.50/avr/bin/../lib/gcc/avr/5.4.0/../../../../avr/lib/avr5\libc.a(tolower.o)
 .stack.descriptors.hdr
                0x00000000000000c4        0xe c:/program files/microchip/xc8/v2.50/avr/bin/../lib/gcc/avr/5.4.0/../../../../avr/lib/avr5\libc.a(toupper.o)
 .stack.descriptors.hdr
                0x00000000000000d2        0xe c:/program files/microchip/xc8/v2.50/avr/bin/../lib/gcc/avr/5.4.0/../../../../avr/lib/avr5\libc.a(errno.o)
 .stack.descriptors.hdr
                0x00000000000000e0        0xe c:/program files/microchip/xc8/v2.50/avr/bin/../lib/gcc/avr/5.4.0/../../../../avr/lib/avr5\libc.a(_Exit.o)
 .stack.descriptors.hdr
                0x00000000000000ee        0xe c:/program files/microchip/xc8/v2.50/avr/bin/../lib/gcc/avr/5.4.0/../../../../avr/lib/avr5\libc.a(__int_vsprintf.o)
 .stack.descriptors.hdr
                0x00000000000000fc        0xe c:/program files/microchip/xc8/v2.50/avr/bin/../lib/gcc/avr/5.4.0/../../../../avr/lib/avr5\libc.a(__int_vsnprintf.o)
 .stack.descriptors.hdr
                0x000000000000010a        0xe c:/program files/microchip/xc8/v2.50/avr/bin/../lib/gcc/avr/5.4.0/../../../../avr/lib/avr5\libc.a(__int_vfprintf.o)
 .stack.descriptors.hdr
                0x0000000000000118        0xe c:/program files/microchip/xc8/v2.50/avr/bin/../lib/gcc/avr/5.4.0/avr5\libgcc.a(_udivmodsi4.o)
 .stack.descriptors.hdr
                0x0000000000000126        0xe c:/program files/microchip/xc8/v2.50/avr/bin/../lib/gcc/avr/5.4.0/avr5\libgcc.a(_exit.o)

.note.GNU-stack
                0x0000000000000000        0x0
 .note.GNU-stack
                0x0000000000000000        0x0 c:/program files/microchip/xc8/v2.50/avr/bin/../lib/gcc/avr/5.4.0/../../../../avr/lib/avr5\libc.a(exit.o)
 .note.GNU-stack
                0x0000000000000000        0x0 c:/program files/microchip/xc8/v2.50/avr/bin/../lib/gcc/avr/5.4.0/../../../../avr/lib/avr5\libc.a(__sio_sprintf_doux.o)
 .note.GNU-stack
                0x0000000000000000        0x0 c:/program files/microchip/xc8/v2.50/avr/bin/../lib/gcc/avr/5.4.0/../../../../avr/lib/avr5\libc.a(__fmt_d.o)
 .note.GNU-stack
                0x0000000000000000        0x0 c:/program files/microchip/xc8/v2.50/avr/bin/../lib/gcc/avr/5.4.0/../../../../avr/lib/avr5\libc.a(__fmt_o.o)
 .note.GNU-stack
                0x0000000000000000        0x0 c:/program files/microchip/xc8/v2.50/avr/bin/../lib/gcc/avr/5.4.0/../../../../avr/lib/avr5\libc.a(__fmt_s.o)
 .note.GNU-stack
                0x0000000000000000        0x0 c:/program files/microchip/xc8/v2.50/avr/bin/../lib/gcc/avr/5.4.0/../../../../avr/lib/avr5\libc.a(__fmt_u.o)
 .note.GNU-stack
                0x0000000000000000        0x0 c:/program files/microchip/xc8/v2.50/avr/bin/../lib/gcc/avr/5.4.0/../../../../avr/lib/avr5\libc.a(__fmt_x.o)
 .note.GNU-stack
                0x0000000000000000        0x0 c:/program files/microchip/xc8/v2.50/avr/bin/../lib/gcc/avr/5.4.0/../../../../avr/lib/avr5\libc.a(__pop_int.o)
 .note.GNU-stack
                0x0000000000000000        0x0 c:/program files/microchip/xc8/v2.50/avr/bin/../lib/gcc/avr/5.4.0/../../../../avr/lib/avr5\libc.a(__printf_core.o)
 .note.GNU-stack
                0x0000000000000000        0x0 c:/program files/microchip/xc8/v2.50/avr/bin/../lib/gcc/avr/5.4.0/../../../../avr/lib/avr5\libc.a(fputc.o)
 .note.GNU-stack
                0x0000000000000000        0x0 c:/program files/microchip/xc8/v2.50/avr/bin/../lib/gcc/avr/5.4.0/../../../../avr/lib/avr5\libc.a(strlen.o)
 .note.GNU-stack
                0x0000000000000000        0x0 c:/program files/microchip/xc8/v2.50/avr/bin/../lib/gcc/avr/5.4.0/../../../../avr/lib/avr5\libc.a(tolower.o)
 .note.GNU-stack
                0x0000000000000000        0x0 c:/program files/microchip/xc8/v2.50/avr/bin/../lib/gcc/avr/5.4.0/../../../../avr/lib/avr5\libc.a(toupper.o)
 .note.GNU-stack
                0x0000000000000000        0x0 c:/program files/microchip/xc8/v2.50/avr/bin/../lib/gcc/avr/5.4.0/../../../../avr/lib/avr5\libc.a(errno.o)
 .note.GNU-stack
                0x0000000000000000        0x0 c:/program files/microchip/xc8/v2.50/avr/bin/../lib/gcc/avr/5.4.0/../../../../avr/lib/avr5\libc.a(_Exit.o)
 .note.GNU-stack
                0x0000000000000000        0x0 c:/program files/microchip/xc8/v2.50/avr/bin/../lib/gcc/avr/5.4.0/../../../../avr/lib/avr5\libc.a(__int_vsprintf.o)
 .note.GNU-stack
                0x0000000000000000        0x0 c:/program files/microchip/xc8/v2.50/avr/bin/../lib/gcc/avr/5.4.0/../../../../avr/lib/avr5\libc.a(__int_vsnprintf.o)
 .note.GNU-stack
                0x0000000000000000        0x0 c:/program files/microchip/xc8/v2.50/avr/bin/../lib/gcc/avr/5.4.0/../../../../avr/lib/avr5\libc.a(__int_vfprintf.o)

.note.gnu.build-id
 *(.note.gnu.build-id)

.debug
 *(.debug)

.line
 *(.line)

.debug_srcinfo
 *(.debug_srcinfo)

.debug_sfnames
 *(.debug_sfnames)

.debug_aranges  0x0000000000000000      0x258
 *(.debug_aranges)
 .debug_aranges
                0x0000000000000000       0x20 build/default/production/main.o
 .debug_aranges
                0x0000000000000020       0xa0 build/default/production/DIO.o
 .debug_aranges
                0x00000000000000c0       0x30 build/default/production/keypad_3x3.o
 .debug_aranges
                0x00000000000000f0       0x58 build/default/production/lcd1602.o
 .debug_aranges
                0x0000000000000148       0x40 build/default/production/INTERRUPT.o
 .debug_aranges
                0x0000000000000188       0x68 build/default/production/ADC.o
 .debug_aranges
                0x00000000000001f0       0x68 build/default/production/TIMER.o

.debug_pubnames
 *(.debug_pubnames)

.debug_info     0x0000000000000000     0x3b1d
 *(.debug_info .gnu.linkonce.wi.*)
 .debug_info    0x0000000000000000      0x4e6 C:/Program Files/Microchip/MPLABX/v6.20/packs/Microchip/ATmega_DFP/3.1.264/xc8/avr/lib/avr5/crtatmega32a.o
 .debug_info    0x00000000000004e6      0x6f4 build/default/production/main.o
 .debug_info    0x0000000000000bda      0xb9d build/default/production/DIO.o
 .debug_info    0x0000000000001777      0xa1d build/default/production/keypad_3x3.o
 .debug_info    0x0000000000002194      0xbd1 build/default/production/lcd1602.o
 .debug_info    0x0000000000002d65      0x3a9 build/default/production/INTERRUPT.o
 .debug_info    0x000000000000310e      0x565 build/default/production/ADC.o
 .debug_info    0x0000000000003673      0x4aa build/default/production/TIMER.o

.debug_abbrev   0x0000000000000000      0xe99
 *(.debug_abbrev)
 .debug_abbrev  0x0000000000000000      0x4a3 C:/Program Files/Microchip/MPLABX/v6.20/packs/Microchip/ATmega_DFP/3.1.264/xc8/avr/lib/avr5/crtatmega32a.o
 .debug_abbrev  0x00000000000004a3      0x1bb build/default/production/main.o
 .debug_abbrev  0x000000000000065e      0x1cc build/default/production/DIO.o
 .debug_abbrev  0x000000000000082a      0x1e3 build/default/production/keypad_3x3.o
 .debug_abbrev  0x0000000000000a0d      0x1fe build/default/production/lcd1602.o
 .debug_abbrev  0x0000000000000c0b       0x95 build/default/production/INTERRUPT.o
 .debug_abbrev  0x0000000000000ca0      0x12f build/default/production/ADC.o
 .debug_abbrev  0x0000000000000dcf       0xca build/default/production/TIMER.o

.debug_line     0x0000000000000000     0x1305
 *(.debug_line .debug_line.* .debug_line_end)
 .debug_line    0x0000000000000000      0x116 C:/Program Files/Microchip/MPLABX/v6.20/packs/Microchip/ATmega_DFP/3.1.264/xc8/avr/lib/avr5/crtatmega32a.o
 .debug_line    0x0000000000000116      0x1c3 build/default/production/main.o
 .debug_line    0x00000000000002d9      0x428 build/default/production/DIO.o
 .debug_line    0x0000000000000701      0x2e6 build/default/production/keypad_3x3.o
 .debug_line    0x00000000000009e7      0x345 build/default/production/lcd1602.o
 .debug_line    0x0000000000000d2c      0x1d4 build/default/production/INTERRUPT.o
 .debug_line    0x0000000000000f00      0x1f4 build/default/production/ADC.o
 .debug_line    0x00000000000010f4      0x211 build/default/production/TIMER.o

.debug_frame    0x0000000000000000      0x6f0
 *(.debug_frame)
 .debug_frame   0x0000000000000000       0x34 build/default/production/main.o
 .debug_frame   0x0000000000000034      0x174 build/default/production/DIO.o
 .debug_frame   0x00000000000001a8       0x7c build/default/production/keypad_3x3.o
 .debug_frame   0x0000000000000224      0x1a8 build/default/production/lcd1602.o
 .debug_frame   0x00000000000003cc      0x13c build/default/production/INTERRUPT.o
 .debug_frame   0x0000000000000508      0x12c build/default/production/ADC.o
 .debug_frame   0x0000000000000634       0xbc build/default/production/TIMER.o

.debug_str      0x0000000000000000      0x2b0
 *(.debug_str)
 .debug_str     0x0000000000000000      0x196 C:/Program Files/Microchip/MPLABX/v6.20/packs/Microchip/ATmega_DFP/3.1.264/xc8/avr/lib/avr5/crtatmega32a.o
 .debug_str     0x0000000000000196       0x85 build/default/production/main.o
 .debug_str     0x000000000000021b       0x1b build/default/production/DIO.o
 .debug_str     0x0000000000000236       0x1b build/default/production/keypad_3x3.o
 .debug_str     0x0000000000000251       0x2b build/default/production/lcd1602.o
 .debug_str     0x000000000000027c        0x0 build/default/production/INTERRUPT.o
 .debug_str     0x000000000000027c       0x28 build/default/production/ADC.o
 .debug_str     0x00000000000002a4        0xc build/default/production/TIMER.o

.debug_loc      0x0000000000000000     0x142b
 *(.debug_loc)
 .debug_loc     0x0000000000000000      0x120 build/default/production/main.o
 .debug_loc     0x0000000000000120      0x412 build/default/production/DIO.o
 .debug_loc     0x0000000000000532      0x528 build/default/production/keypad_3x3.o
 .debug_loc     0x0000000000000a5a      0x681 build/default/production/lcd1602.o
 .debug_loc     0x00000000000010db       0x89 build/default/production/INTERRUPT.o
 .debug_loc     0x0000000000001164      0x20e build/default/production/ADC.o
 .debug_loc     0x0000000000001372       0xb9 build/default/production/TIMER.o

.debug_macinfo
 *(.debug_macinfo)

.debug_weaknames
 *(.debug_weaknames)

.debug_funcnames
 *(.debug_funcnames)

.debug_typenames
 *(.debug_typenames)

.debug_varnames
 *(.debug_varnames)

.debug_pubtypes
 *(.debug_pubtypes)

.debug_ranges   0x0000000000000000      0x230
 *(.debug_ranges)
 .debug_ranges  0x0000000000000000       0x58 build/default/production/main.o
 .debug_ranges  0x0000000000000058       0x90 build/default/production/DIO.o
 .debug_ranges  0x00000000000000e8       0x20 build/default/production/keypad_3x3.o
 .debug_ranges  0x0000000000000108       0x48 build/default/production/lcd1602.o
 .debug_ranges  0x0000000000000150       0x30 build/default/production/INTERRUPT.o
 .debug_ranges  0x0000000000000180       0x58 build/default/production/ADC.o
 .debug_ranges  0x00000000000001d8       0x58 build/default/production/TIMER.o

.debug_macro
 *(.debug_macro)
OUTPUT(dist/default/production/Alex60_hazem.X.production.elf elf32-avr)
LOAD linker stubs
LOAD data_init

.note.gnu.avr.deviceinfo
                0x0000000000000000       0x3c
 .note.gnu.avr.deviceinfo
                0x0000000000000000       0x3c C:/Program Files/Microchip/MPLABX/v6.20/packs/Microchip/ATmega_DFP/3.1.264/xc8/avr/lib/avr5/crtatmega32a.o

.bss.INT2_callback
                0x0000000000800091        0x2
 .bss.INT2_callback
                0x0000000000800091        0x2 build/default/production/INTERRUPT.o
                0x0000000000800091                INT2_callback

.bss.INT1_callback
                0x0000000000800093        0x2
 .bss.INT1_callback
                0x0000000000800093        0x2 build/default/production/INTERRUPT.o
                0x0000000000800093                INT1_callback

.bss.INT0_callback
                0x0000000000800095        0x2
 .bss.INT0_callback
                0x0000000000800095        0x2 build/default/production/INTERRUPT.o
                0x0000000000800095                INT0_callback

.bss.ADC_INT_ON
                0x0000000000800097        0x2
 .bss.ADC_INT_ON
                0x0000000000800097        0x2 build/default/production/ADC.o
                0x0000000000800097                ADC_INT_ON

.text.vfpfcnvrt
                0x00000000000000c0      0x3fc
 .text.vfpfcnvrt
                0x00000000000000c0      0x3fc c:/program files/microchip/xc8/v2.50/avr/bin/../lib/gcc/avr/5.4.0/../../../../avr/lib/avr5\libc.a(__printf_core.o)
                0x00000000000000c0                vfpfcnvrt

.text.__fmt_x   0x00000000000004bc      0x1dc
 .text.__fmt_x  0x00000000000004bc      0x1dc c:/program files/microchip/xc8/v2.50/avr/bin/../lib/gcc/avr/5.4.0/../../../../avr/lib/avr5\libc.a(__fmt_x.o)
                0x00000000000004bc                __fmt_x_needed
                0x00000000000004bc                __fmt_x

.text.KEYPAD_3X3_READ
                0x0000000000000698      0x19e
 .text.KEYPAD_3X3_READ
                0x0000000000000698      0x19e build/default/production/keypad_3x3.o
                0x0000000000000698                KEYPAD_3X3_READ

.text.main      0x0000000000000836      0x148
 .text.main     0x0000000000000836      0x148 build/default/production/main.o
                0x0000000000000836                main

.text.SET_PIN   0x000000000000097e      0x12a
 .text.SET_PIN  0x000000000000097e      0x12a build/default/production/DIO.o
                0x000000000000097e                SET_PIN

.text.SET_PIN_DIR
                0x0000000000000aa8      0x12a
 .text.SET_PIN_DIR
                0x0000000000000aa8      0x12a build/default/production/DIO.o
                0x0000000000000aa8                SET_PIN_DIR

.text.__fmt_d   0x0000000000000bd2       0xe4
 .text.__fmt_d  0x0000000000000bd2       0xe4 c:/program files/microchip/xc8/v2.50/avr/bin/../lib/gcc/avr/5.4.0/../../../../avr/lib/avr5\libc.a(__fmt_d.o)
                0x0000000000000bd2                __fmt_d
                0x0000000000000bd2                __fmt_d_needed

.text.__pop_int
                0x0000000000000cb6       0xd0
 .text.__pop_int
                0x0000000000000cb6       0xd0 c:/program files/microchip/xc8/v2.50/avr/bin/../lib/gcc/avr/5.4.0/../../../../avr/lib/avr5\libc.a(__pop_int.o)
                0x0000000000000cb6                __pop_int_needed
                0x0000000000000cb6                __pop_int

.text.__cvt_u   0x0000000000000d86       0xca
 .text.__cvt_u  0x0000000000000d86       0xca c:/program files/microchip/xc8/v2.50/avr/bin/../lib/gcc/avr/5.4.0/../../../../avr/lib/avr5\libc.a(__fmt_u.o)
                0x0000000000000d86                __cvt_u

.text.LCD1602_INIT
                0x0000000000000e50       0xc2
 .text.LCD1602_INIT
                0x0000000000000e50       0xc2 build/default/production/lcd1602.o
                0x0000000000000e50                LCD1602_INIT

.text.__fmt_o   0x0000000000000f12       0xb2
 .text.__fmt_o  0x0000000000000f12       0xb2 c:/program files/microchip/xc8/v2.50/avr/bin/../lib/gcc/avr/5.4.0/../../../../avr/lib/avr5\libc.a(__fmt_o.o)
                0x0000000000000f12                __fmt_o
                0x0000000000000f12                __fmt_o_needed

.text.LCD1602_CMD
                0x0000000000000fc4       0xaa
 .text.LCD1602_CMD
                0x0000000000000fc4       0xaa build/default/production/lcd1602.o
                0x0000000000000fc4                LCD1602_CMD

.text.LCD1602_CHAR
                0x000000000000106e       0xaa
 .text.LCD1602_CHAR
                0x000000000000106e       0xaa build/default/production/lcd1602.o
                0x000000000000106e                LCD1602_CHAR

.text.fputc     0x0000000000001118       0x98
 .text.fputc    0x0000000000001118       0x98 c:/program files/microchip/xc8/v2.50/avr/bin/../lib/gcc/avr/5.4.0/../../../../avr/lib/avr5\libc.a(fputc.o)
                0x0000000000001118                fputc
                0x0000000000001118                putc

.text.__fmt_u   0x00000000000011b0       0x8e
 .text.__fmt_u  0x00000000000011b0       0x8e c:/program files/microchip/xc8/v2.50/avr/bin/../lib/gcc/avr/5.4.0/../../../../avr/lib/avr5\libc.a(__fmt_u.o)
                0x00000000000011b0                __fmt_u_needed
                0x00000000000011b0                __fmt_u

.text.GET_PIN   0x000000000000123e       0x8c
 .text.GET_PIN  0x000000000000123e       0x8c build/default/production/DIO.o
                0x000000000000123e                GET_PIN

.text.KEYPAD_3X3_INIT
                0x00000000000012ca       0x7a
 .text.KEYPAD_3X3_INIT
                0x00000000000012ca       0x7a build/default/production/keypad_3x3.o
                0x00000000000012ca                KEYPAD_3X3_INIT

.text.TIMER0_OC_PIN
                0x0000000000001344       0x78
 .text.TIMER0_OC_PIN
                0x0000000000001344       0x78 build/default/production/TIMER.o
                0x0000000000001344                TIMER0_OC_PIN

.text.__printf_core
                0x00000000000013bc       0x78
 .text.__printf_core
                0x00000000000013bc       0x78 c:/program files/microchip/xc8/v2.50/avr/bin/../lib/gcc/avr/5.4.0/../../../../avr/lib/avr5\libc.a(__printf_core.o)
                0x00000000000013bc                __printf_core

.text.__vsnprintf
                0x0000000000001434       0x74
 .text.__vsnprintf
                0x0000000000001434       0x74 c:/program files/microchip/xc8/v2.50/avr/bin/../lib/gcc/avr/5.4.0/../../../../avr/lib/avr5\libc.a(__int_vsnprintf.o)
                0x0000000000001434                __vsnprintf

.text.__pad     0x00000000000014a8       0x72
 .text.__pad    0x00000000000014a8       0x72 c:/program files/microchip/xc8/v2.50/avr/bin/../lib/gcc/avr/5.4.0/../../../../avr/lib/avr5\libc.a(__printf_core.o)
                0x00000000000014a8                __pad

.text.LCD1602_INT
                0x000000000000151a       0x68
 .text.LCD1602_INT
                0x000000000000151a       0x68 build/default/production/lcd1602.o
                0x000000000000151a                LCD1602_INT

.text.read_prec_or_width
                0x0000000000001582       0x5c
 .text.read_prec_or_width
                0x0000000000001582       0x5c c:/program files/microchip/xc8/v2.50/avr/bin/../lib/gcc/avr/5.4.0/../../../../avr/lib/avr5\libc.a(__printf_core.o)

.text.TIMER0_MODE
                0x00000000000015de       0x54
 .text.TIMER0_MODE
                0x00000000000015de       0x54 build/default/production/TIMER.o
                0x00000000000015de                TIMER0_MODE

.text.__fmt_s   0x0000000000001632       0x54
 .text.__fmt_s  0x0000000000001632       0x54 c:/program files/microchip/xc8/v2.50/avr/bin/../lib/gcc/avr/5.4.0/../../../../avr/lib/avr5\libc.a(__fmt_s.o)
                0x0000000000001632                __fmt_s
                0x0000000000001632                __fmt_0_needed
                0x0000000000001632                __fmt_s_needed

.text.__vector_1
                0x0000000000001686       0x52
 .text.__vector_1
                0x0000000000001686       0x52 build/default/production/INTERRUPT.o
                0x0000000000001686                __vector_1

.text.__vector_2
                0x00000000000016d8       0x52
 .text.__vector_2
                0x00000000000016d8       0x52 build/default/production/INTERRUPT.o
                0x00000000000016d8                __vector_2

.text.__vector_3
                0x000000000000172a       0x52
 .text.__vector_3
                0x000000000000172a       0x52 build/default/production/INTERRUPT.o
                0x000000000000172a                __vector_3

.text.__vector_16
                0x000000000000177c       0x52
 .text.__vector_16
                0x000000000000177c       0x52 build/default/production/ADC.o
                0x000000000000177c                __vector_16

.text.GET_PORT_PIN_NUM
                0x00000000000017ce       0x4e
 .text.GET_PORT_PIN_NUM
                0x00000000000017ce       0x4e build/default/production/DIO.o

.text.libgcc.div
                0x000000000000181c       0x44
 .text.libgcc.div
                0x000000000000181c       0x44 c:/program files/microchip/xc8/v2.50/avr/bin/../lib/gcc/avr/5.4.0/avr5\libgcc.a(_udivmodsi4.o)
                0x000000000000181c                __udivmodsi4

.text.__fmt_state
                0x0000000000001860       0x40
 .text.__fmt_state
                0x0000000000001860       0x40 c:/program files/microchip/xc8/v2.50/avr/bin/../lib/gcc/avr/5.4.0/../../../../avr/lib/avr5\libc.a(__printf_core.o)
                0x0000000000001860                __fmt_state

.text.__out     0x00000000000018a0       0x3a
 .text.__out    0x00000000000018a0       0x3a c:/program files/microchip/xc8/v2.50/avr/bin/../lib/gcc/avr/5.4.0/../../../../avr/lib/avr5\libc.a(__printf_core.o)
                0x00000000000018a0                __out

.text.libgcc.prologue
                0x00000000000018da       0x38
 .text.libgcc.prologue
                0x00000000000018da       0x38 c:/program files/microchip/xc8/v2.50/avr/bin/../lib/gcc/avr/5.4.0/avr5\libgcc.a(_prologue.o)
                0x00000000000018da                __prologue_saves__

.text.libgcc.prologue
                0x0000000000001912       0x36
 .text.libgcc.prologue
                0x0000000000001912       0x36 c:/program files/microchip/xc8/v2.50/avr/bin/../lib/gcc/avr/5.4.0/avr5\libgcc.a(_epilogue.o)
                0x0000000000001912                __epilogue_restores__

.text.__vfprintf
                0x0000000000001948       0x30
 .text.__vfprintf
                0x0000000000001948       0x30 c:/program files/microchip/xc8/v2.50/avr/bin/../lib/gcc/avr/5.4.0/../../../../avr/lib/avr5\libc.a(__int_vfprintf.o)
                0x0000000000001948                __vfprintf

.text.LCD1602_STR
                0x0000000000001978       0x2a
 .text.LCD1602_STR
                0x0000000000001978       0x2a build/default/production/lcd1602.o
                0x0000000000001978                LCD1602_STR

.text.libgcc.div
                0x00000000000019a2       0x28
 .text.libgcc.div
                0x00000000000019a2       0x28 c:/program files/microchip/xc8/v2.50/avr/bin/../lib/gcc/avr/5.4.0/avr5\libgcc.a(_divmodhi4.o)
                0x00000000000019a2                _div
                0x00000000000019a2                __divmodhi4

.text.libgcc.div
                0x00000000000019ca       0x28
 .text.libgcc.div
                0x00000000000019ca       0x28 c:/program files/microchip/xc8/v2.50/avr/bin/../lib/gcc/avr/5.4.0/avr5\libgcc.a(_udivmodhi4.o)
                0x00000000000019ca                __udivmodhi4

.text.LCD1602_EN
                0x00000000000019f2       0x24
 .text.LCD1602_EN
                0x00000000000019f2       0x24 build/default/production/lcd1602.o
                0x00000000000019f2                LCD1602_EN

.text.__wrap_sprintf
                0x0000000000001a16       0x24
 .text.__wrap_sprintf
                0x0000000000001a16       0x24 c:/program files/microchip/xc8/v2.50/avr/bin/../lib/gcc/avr/5.4.0/../../../../avr/lib/avr5\libc.a(__sio_sprintf_doux.o)
                0x0000000000001a16                _sprintf_cdopuxX

.text.strlen    0x0000000000001a3a       0x1c
 .text.strlen   0x0000000000001a3a       0x1c c:/program files/microchip/xc8/v2.50/avr/bin/../lib/gcc/avr/5.4.0/../../../../avr/lib/avr5\libc.a(strlen.o)
                0x0000000000001a3a                strlen

.text.exit      0x0000000000001a56       0x16
 .text.exit     0x0000000000001a56       0x16 c:/program files/microchip/xc8/v2.50/avr/bin/../lib/gcc/avr/5.4.0/../../../../avr/lib/avr5\libc.a(exit.o)
                0x0000000000001a56                exit

.text.toupper   0x0000000000001a6c       0x12
 .text.toupper  0x0000000000001a6c       0x12 c:/program files/microchip/xc8/v2.50/avr/bin/../lib/gcc/avr/5.4.0/../../../../avr/lib/avr5\libc.a(toupper.o)
                0x0000000000001a6c                toupper

.text.tolower   0x0000000000001a7e       0x10
 .text.tolower  0x0000000000001a7e       0x10 c:/program files/microchip/xc8/v2.50/avr/bin/../lib/gcc/avr/5.4.0/../../../../avr/lib/avr5\libc.a(tolower.o)
                0x0000000000001a7e                tolower

.text.TIMER0_CLK
                0x0000000000001a8e        0xe
 .text.TIMER0_CLK
                0x0000000000001a8e        0xe build/default/production/TIMER.o
                0x0000000000001a8e                TIMER0_CLK

.text.__vsprintf
                0x0000000000001a9c        0xe
 .text.__vsprintf
                0x0000000000001a9c        0xe c:/program files/microchip/xc8/v2.50/avr/bin/../lib/gcc/avr/5.4.0/../../../../avr/lib/avr5\libc.a(__int_vsprintf.o)
                0x0000000000001a9c                __vsprintf

.text           0x0000000000001aaa        0x4
 .text          0x0000000000001aaa        0x4 C:/Program Files/Microchip/MPLABX/v6.20/packs/Microchip/ATmega_DFP/3.1.264/xc8/avr/lib/avr5/crtatmega32a.o
                0x0000000000001aaa                __vector_12
                0x0000000000001aaa                __bad_interrupt
                0x0000000000001aaa                __vector_6
                0x0000000000001aaa                __vector_11
                0x0000000000001aaa                __vector_13
                0x0000000000001aaa                __vector_17
                0x0000000000001aaa                __vector_19
                0x0000000000001aaa                __vector_7
                0x0000000000001aaa                __vector_5
                0x0000000000001aaa                __vector_4
                0x0000000000001aaa                __vector_9
                0x0000000000001aaa                __vector_15
                0x0000000000001aaa                __vector_8
                0x0000000000001aaa                __vector_14
                0x0000000000001aaa                __vector_10
                0x0000000000001aaa                __vector_18
                0x0000000000001aaa                __vector_20

.text.TIMER0_SET_OCR
                0x0000000000001aae        0x4
 .text.TIMER0_SET_OCR
                0x0000000000001aae        0x4 build/default/production/TIMER.o
                0x0000000000001aae                TIMER0_SET_OCR

.text._Exit     0x0000000000001ab2        0x4
 .text._Exit    0x0000000000001ab2        0x4 c:/program files/microchip/xc8/v2.50/avr/bin/../lib/gcc/avr/5.4.0/../../../../avr/lib/avr5\libc.a(_Exit.o)
                0x0000000000001ab2                _Exit

.text.__dummy_fini
                0x0000000000001ab6        0x2
 .text.__dummy_fini
                0x0000000000001ab6        0x2 c:/program files/microchip/xc8/v2.50/avr/bin/../lib/gcc/avr/5.4.0/../../../../avr/lib/avr5\libc.a(exit.o)
                0x0000000000001ab6                _fini

.text.__dummy_funcs_on_exit
                0x0000000000001ab8        0x2
 .text.__dummy_funcs_on_exit
                0x0000000000001ab8        0x2 c:/program files/microchip/xc8/v2.50/avr/bin/../lib/gcc/avr/5.4.0/../../../../avr/lib/avr5\libc.a(exit.o)
                0x0000000000001ab8                __funcs_on_exit

.text.__dummy_simulator_exit
                0x0000000000001aba        0x2
 .text.__dummy_simulator_exit
                0x0000000000001aba        0x2 c:/program files/microchip/xc8/v2.50/avr/bin/../lib/gcc/avr/5.4.0/../../../../avr/lib/avr5\libc.a(exit.o)
                0x0000000000001aba                __simulator_exit

.rodata.state_table
                0x0000000000800062       0x16 load address 0x0000000000001abc
 .rodata.state_table
                0x0000000000800062       0x16 c:/program files/microchip/xc8/v2.50/avr/bin/../lib/gcc/avr/5.4.0/../../../../avr/lib/avr5\libc.a(__printf_core.o)

.rodata         0x0000000000800078        0x8 load address 0x0000000000001ad2
 .rodata        0x0000000000800078        0x8 build/default/production/main.o

.rodata.nuls.2781
                0x0000000000800080        0x7 load address 0x0000000000001ada
 .rodata.nuls.2781
                0x0000000000800080        0x7 c:/program files/microchip/xc8/v2.50/avr/bin/../lib/gcc/avr/5.4.0/../../../../avr/lib/avr5\libc.a(__fmt_s.o)

.rodata.nilstr.2962
                0x0000000000800087        0x6 load address 0x0000000000001ae1
 .rodata.nilstr.2962
                0x0000000000800087        0x6 c:/program files/microchip/xc8/v2.50/avr/bin/../lib/gcc/avr/5.4.0/../../../../avr/lib/avr5\libc.a(__printf_core.o)

.rodata         0x000000000080008d        0x4 load address 0x0000000000001ae7
 .rodata        0x000000000080008d        0x4 build/default/production/lcd1602.o

.data.val       0x0000000000800099        0x1 load address 0x0000000000001aeb
 .data.val      0x0000000000800099        0x1 build/default/production/main.o
                0x0000000000800099                val
