Archive member included to satisfy reference by file (symbol)

c:/program files/microchip/xc8/v2.50/avr/bin/../lib/gcc/avr/5.4.0/../../../../avr/lib/avr5\libm.a(addsf3.o)
                              build/default/production/flex.o (__subsf3)
c:/program files/microchip/xc8/v2.50/avr/bin/../lib/gcc/avr/5.4.0/../../../../avr/lib/avr5\libm.a(addsf3x.o)
                              c:/program files/microchip/xc8/v2.50/avr/bin/../lib/gcc/avr/5.4.0/../../../../avr/lib/avr5\libm.a(addsf3.o) (__addsf3x)
c:/program files/microchip/xc8/v2.50/avr/bin/../lib/gcc/avr/5.4.0/../../../../avr/lib/avr5\libm.a(cmpsf2.o)
                              build/default/production/buzzer.o (__ltsf2)
c:/program files/microchip/xc8/v2.50/avr/bin/../lib/gcc/avr/5.4.0/../../../../avr/lib/avr5\libm.a(divsf3.o)
                              build/default/production/flex.o (__divsf3)
c:/program files/microchip/xc8/v2.50/avr/bin/../lib/gcc/avr/5.4.0/../../../../avr/lib/avr5\libm.a(divsf3x.o)
                              c:/program files/microchip/xc8/v2.50/avr/bin/../lib/gcc/avr/5.4.0/../../../../avr/lib/avr5\libm.a(divsf3.o) (__divsf3x)
c:/program files/microchip/xc8/v2.50/avr/bin/../lib/gcc/avr/5.4.0/../../../../avr/lib/avr5\libm.a(fixunssfsi.o)
                              build/default/production/buzzer.o (__fixunssfsi)
c:/program files/microchip/xc8/v2.50/avr/bin/../lib/gcc/avr/5.4.0/../../../../avr/lib/avr5\libm.a(floatsisf.o)
                              build/default/production/flex.o (__floatunsisf)
c:/program files/microchip/xc8/v2.50/avr/bin/../lib/gcc/avr/5.4.0/../../../../avr/lib/avr5\libm.a(fp_cmp.o)
                              c:/program files/microchip/xc8/v2.50/avr/bin/../lib/gcc/avr/5.4.0/../../../../avr/lib/avr5\libm.a(cmpsf2.o) (__fp_cmp)
c:/program files/microchip/xc8/v2.50/avr/bin/../lib/gcc/avr/5.4.0/../../../../avr/lib/avr5\libm.a(fp_inf.o)
                              c:/program files/microchip/xc8/v2.50/avr/bin/../lib/gcc/avr/5.4.0/../../../../avr/lib/avr5\libm.a(addsf3x.o) (__fp_inf)
c:/program files/microchip/xc8/v2.50/avr/bin/../lib/gcc/avr/5.4.0/../../../../avr/lib/avr5\libm.a(fp_nan.o)
                              c:/program files/microchip/xc8/v2.50/avr/bin/../lib/gcc/avr/5.4.0/../../../../avr/lib/avr5\libm.a(addsf3x.o) (__fp_nan)
c:/program files/microchip/xc8/v2.50/avr/bin/../lib/gcc/avr/5.4.0/../../../../avr/lib/avr5\libm.a(fp_pscA.o)
                              c:/program files/microchip/xc8/v2.50/avr/bin/../lib/gcc/avr/5.4.0/../../../../avr/lib/avr5\libm.a(addsf3x.o) (__fp_pscA)
c:/program files/microchip/xc8/v2.50/avr/bin/../lib/gcc/avr/5.4.0/../../../../avr/lib/avr5\libm.a(fp_pscB.o)
                              c:/program files/microchip/xc8/v2.50/avr/bin/../lib/gcc/avr/5.4.0/../../../../avr/lib/avr5\libm.a(addsf3x.o) (__fp_pscB)
c:/program files/microchip/xc8/v2.50/avr/bin/../lib/gcc/avr/5.4.0/../../../../avr/lib/avr5\libm.a(fp_round.o)
                              c:/program files/microchip/xc8/v2.50/avr/bin/../lib/gcc/avr/5.4.0/../../../../avr/lib/avr5\libm.a(addsf3.o) (__fp_round)
c:/program files/microchip/xc8/v2.50/avr/bin/../lib/gcc/avr/5.4.0/../../../../avr/lib/avr5\libm.a(fp_split3.o)
                              c:/program files/microchip/xc8/v2.50/avr/bin/../lib/gcc/avr/5.4.0/../../../../avr/lib/avr5\libm.a(addsf3x.o) (__fp_split3)
c:/program files/microchip/xc8/v2.50/avr/bin/../lib/gcc/avr/5.4.0/../../../../avr/lib/avr5\libm.a(fp_zero.o)
                              c:/program files/microchip/xc8/v2.50/avr/bin/../lib/gcc/avr/5.4.0/../../../../avr/lib/avr5\libm.a(addsf3x.o) (__fp_zero)
c:/program files/microchip/xc8/v2.50/avr/bin/../lib/gcc/avr/5.4.0/../../../../avr/lib/avr5\libm.a(gesf2.o)
                              build/default/production/buzzer.o (__gtsf2)
c:/program files/microchip/xc8/v2.50/avr/bin/../lib/gcc/avr/5.4.0/../../../../avr/lib/avr5\libm.a(mulsf3.o)
                              build/default/production/buzzer.o (__mulsf3)
c:/program files/microchip/xc8/v2.50/avr/bin/../lib/gcc/avr/5.4.0/../../../../avr/lib/avr5\libm.a(mulsf3x.o)
                              c:/program files/microchip/xc8/v2.50/avr/bin/../lib/gcc/avr/5.4.0/../../../../avr/lib/avr5\libm.a(mulsf3.o) (__mulsf3x)
c:/program files/microchip/xc8/v2.50/avr/bin/../lib/gcc/avr/5.4.0/avr5\libgcc.a(_divmodhi4.o)
                              build/default/production/buzzer.o (__divmodhi4)
c:/program files/microchip/xc8/v2.50/avr/bin/../lib/gcc/avr/5.4.0/avr5\libgcc.a(_copy_data.o)
                              build/default/production/lcd1602.o (__do_copy_data)
c:/program files/microchip/xc8/v2.50/avr/bin/../lib/gcc/avr/5.4.0/avr5\libgcc.a(_udivmodhi4.o)
                              c:/program files/microchip/xc8/v2.50/avr/bin/../lib/gcc/avr/5.4.0/avr5\libgcc.a(_divmodhi4.o) (__udivmodhi4)
c:/program files/microchip/xc8/v2.50/avr/bin/../lib/gcc/avr/5.4.0/../../../../avr/lib/avr5\libc.a(exit.o)
[...]
Memory Configuration

Name             Origin             Length             Attributes
text             0x0000000000000000 0x0000000000008000 xr
data             0x0000000000800060 0x0000000000000800 rw !x
eeprom           0x0000000000810000 0x0000000000000400 rw !x
fuse             0x0000000000820000 0x0000000000000002 rw !x
lock             0x0000000000830000 0x0000000000000400 rw !x
signature        0x0000000000840000 0x0000000000000400 rw !x
user_signatures  0x0000000000850000 0x0000000000000400 rw !x
bootrow          0x0000000000860000 0x0000000000000400 rw !x
*default*        0x0000000000000000 0xffffffffffffffff

Linker script and memory map

LOAD C:/Program Files/Microchip/MPLABX/v6.20/packs/Microchip/ATmega_DFP/3.1.264/xc8/avr/lib/avr5/crtatmega32a.o
                0x0000000000000001                __MPLAB_BUILD = 0x1
LOAD build/default/production/main.o
LOAD build/default/production/DIO.o
LOAD build/default/production/lcd1602.o
LOAD build/default/production/INTERRUPT.o
LOAD build/default/production/ADC.o
LOAD build/default/production/TIMER.o
LOAD build/default/production/test.o
LOAD build/default/production/buzzer.o
LOAD build/default/production/flex.o
LOAD build/default/production/glove.o
START GROUP
LOAD c:/program files/microchip/xc8/v2.50/avr/bin/../lib/gcc/avr/5.4.0/../../../../avr/lib/avr5\libm.a
END GROUP
START GROUP
LOAD c:/program files/microchip/xc8/v2.50/avr/bin/../lib/gcc/avr/5.4.0/avr5\libgcc.a
LOAD c:/program files/microchip/xc8/v2.50/avr/bin/../lib/gcc/avr/5.4.0/../../../../avr/lib/avr5\libm.a
LOAD c:/program files/microchip/xc8/v2.50/avr/bin/../lib/gcc/avr/5.4.0/../../../../avr/lib/avr5\libc.a
LOAD C:/Program Files/Microchip/MPLABX/v6.20/packs/Microchip/ATmega_DFP/3.1.264/xc8/avr/lib/avr5\libatmega32a.a
END GROUP
                [0x0000000000000000]                __TEXT_REGION_ORIGIN__ = DEFINED (__TEXT_REGION_ORIGIN__)?__TEXT_REGION_ORIGIN__:0x0
                [0x0000000000800060]                __DATA_REGION_ORIGIN__ = DEFINED (__DATA_REGION_ORIGIN__)?__DATA_REGION_ORIGIN__:0x800060
                [0x0000000000008000]                __TEXT_REGION_LENGTH__ = DEFINED (__TEXT_REGION_LENGTH__)?__TEXT_REGION_LENGTH__:0x20000
                [0x0000000000000800]                __DATA_REGION_LENGTH__ = DEFINED (__DATA_REGION_LENGTH__)?__DATA_REGION_LENGTH__:0xffa0
                [0x0000000000000400]                __EEPROM_REGION_LENGTH__ = DEFINED (__EEPROM_REGION_LENGTH__)?__EEPROM_REGION_LENGTH__:0x10000
                [0x0000000000000002]                __FUSE_REGION_LENGTH__ = DEFINED (__FUSE_REGION_LENGTH__)?__FUSE_REGION_LENGTH__:0x400
                0x0000000000000400                __LOCK_REGION_LENGTH__ = DEFINED (__LOCK_REGION_LENGTH__)?__LOCK_REGION_LENGTH__:0x400
                0x0000000000000400                __SIGNATURE_REGION_LENGTH__ = DEFINED (__SIGNATURE_REGION_LENGTH__)?__SIGNATURE_REGION_LENGTH__:0x400
                0x0000000000000400                __USER_SIGNATURE_REGION_LENGTH__ = DEFINED (__USER_SIGNATURE_REGION_LENGTH__)?__USER_SIGNATURE_REGION_LENGTH__:0x400
                0x0000000000000400                __BOOTROW_REGION_LENGTH__ = DEFINED (__BOOTROW_REGION_LENGTH__)?__BOOTROW_REGION_LENGTH__:0x400

.hash
 *(.hash)

.dynsym
 *(.dynsym)

.dynstr
 *(.dynstr)

.gnu.version
 *(.gnu.version)

.gnu.version_d
 *(.gnu.version_d)

.gnu.version_r
 *(.gnu.version_r)

.rel.init
 *(.rel.init)

.rela.init
 *(.rela.init)

.rel.text
 *(.rel.text)
 *(.rel.text.*)
 *(.rel.gnu.linkonce.t*)

.rela.text
 *(.rela.text)
 *(.rela.text.*)
 *(.rela.gnu.linkonce.t*)

.rel.fini
 *(.rel.fini)

.rela.fini
 *(.rela.fini)

.rel.rodata
 *(.rel.rodata)
 *(.rel.rodata.*)
 *(.rel.gnu.linkonce.r*)

.rela.rodata
 *(.rela.rodata)
 *(.rela.rodata.*)
 *(.rela.gnu.linkonce.r*)

.rel.data
 *(.rel.data)
 *(.rel.data.*)
 *(.rel.gnu.linkonce.d*)

.rela.data
 *(.rela.data)
 *(.rela.data.*)
 *(.rela.gnu.linkonce.d*)

.rel.ctors
 *(.rel.ctors)

.rela.ctors
 *(.rela.ctors)

.rel.dtors
 *(.rel.dtors)

.rela.dtors
 *(.rela.dtors)

.rel.got
 *(.rel.got)

.rela.got
 *(.rela.got)

.rel.bss
 *(.rel.bss)

.rela.bss
 *(.rela.bss)

.rel.plt
 *(.rel.plt)

.rela.plt
 *(.rela.plt)

.text           0x0000000000000000       0xc6
 *(.vectors)
 .vectors       0x0000000000000000       0x54 C:/Program Files/Microchip/MPLABX/v6.20/packs/Microchip/ATmega_DFP/3.1.264/xc8/avr/lib/avr5/crtatmega32a.o
                0x0000000000000000                __vector_default
                0x0000000000000000                __vectors
 *(.vectors)
 *(.progmem.gcc*)
 *(.dinit)
 .dinit         0x0000000000000054       0x1d data_init
                0x0000000000000072                . = ALIGN (0x2)
 *fill*         0x0000000000000071        0x1 
                0x0000000000000072                __trampolines_start = .
 *(.trampolines)
 .trampolines   0x0000000000000072        0x0 linker stubs
 *(.trampolines*)
                0x0000000000000072                __trampolines_end = .
 *libprintf_flt.a:*(.progmem.data)
 *libc.a:*(.progmem.data)
                0x0000000000000072                . = ALIGN (0x2)
 *(.jumptables)
 *(.jumptables*)
 *(.lowtext)
 *(.lowtext*)
                0x0000000000000072                __ctors_start = .
 *(.ctors)
                0x0000000000000072                __ctors_end = .
                0x0000000000000072                __dtors_start = .
 *(.dtors)
                0x0000000000000072                __dtors_end = .
 SORT(*)(.ctors)
 SORT(*)(.dtors)
 *(.init0)
 .init0         0x0000000000000072        0x0 C:/Program Files/Microchip/MPLABX/v6.20/packs/Microchip/ATmega_DFP/3.1.264/xc8/avr/lib/avr5/crtatmega32a.o
                0x0000000000000072                __init
 *(.init0)
 *(.init1)
 *(.init1)
 *(.init2)
 .init2         0x0000000000000072        0xc C:/Program Files/Microchip/MPLABX/v6.20/packs/Microchip/ATmega_DFP/3.1.264/xc8/avr/lib/avr5/crtatmega32a.o
 *(.init2)
 *(.init3)
 *(.init3)
 *(.init4)
 .init4         0x000000000000007e       0x3c c:/program files/microchip/xc8/v2.50/avr/bin/../lib/gcc/avr/5.4.0/avr5\libgcc.a(_copy_data.o)
                0x000000000000007e                __do_copy_data
                0x00000000000000ac                __do_clear_bss
 *(.init4)
 *(.init5)
 *(.init5)
 *(.init6)
 *(.init6)
 *(.init7)
 *(.init7)
 *(.init8)
 *(.init8)
 *(.init9)
 .init9         0x00000000000000ba        0x8 C:/Program Files/Microchip/MPLABX/v6.20/packs/Microchip/ATmega_DFP/3.1.264/xc8/avr/lib/avr5/crtatmega32a.o
 *(.init9)
                0x00000000000000c2                . = ALIGN (0x2)
 *(.fini9)
 .fini9         0x00000000000000c2        0x0 c:/program files/microchip/xc8/v2.50/avr/bin/../lib/gcc/avr/5.4.0/avr5\libgcc.a(_exit.o)
                0x00000000000000c2                _exit
 *(.fini9)
 *(.fini8)
 *(.fini8)
 *(.fini7)
 *(.fini7)
 *(.fini6)
 *(.fini6)
 *(.fini5)
 *(.fini5)
 *(.fini4)
 *(.fini4)
 *(.fini3)
 *(.fini3)
 *(.fini2)
 *(.fini2)
 *(.fini1)
 *(.fini1)
 *(.fini0)
 .fini0         0x00000000000000c2        0x4 c:/program files/microchip/xc8/v2.50/avr/bin/../lib/gcc/avr/5.4.0/avr5\libgcc.a(_exit.o)
 *(.fini0)
                0x00000000000000c6                _etext = .

.data           0x0000000000800060        0x0 load address 0x00000000000000c6
                [!provide]                        PROVIDE (__data_start, .)
 *(.gnu.linkonce.d*)
 *(.gnu.linkonce.r*)
                0x0000000000800060                . = ALIGN (0x2)
                0x0000000000800060                _edata = .
                [!provide]                        PROVIDE (__data_end, .)

.bss            0x0000000000800060        0x2
                [!provide]                        PROVIDE (__bss_start, .)
 *(COMMON)
 COMMON         0x0000000000800060        0x2 c:/program files/microchip/xc8/v2.50/avr/bin/../lib/gcc/avr/5.4.0/../../../../avr/lib/avr5\libc.a(errno.o)
                0x0000000000800060                __errno_val
                [!provide]                        PROVIDE (__bss_end, .)
                0x00000000000000c6                __data_load_start = LOADADDR (.data)
                0x00000000000000c6                __data_load_end = (__data_load_start + SIZEOF (.data))

.noinit         0x0000000000800062        0x0
                [!provide]                        PROVIDE (__noinit_start, .)
 *(.noinit*)
                [!provide]                        PROVIDE (__noinit_end, .)
                0x0000000000800062                _end = .

.eeprom         0x0000000000810000        0x0
 *(.eeprom*)
                0x0000000000810000                __eeprom_end = .

.fuse
 *(.fuse)
 *(.lfuse)
 *(.hfuse)
 *(.efuse)

.lock
 *(.lock*)

.signature
 *(.signature*)

.user_signatures
 *(.user_signatures*)

.bootrow
 *(.bootrow*)

.stab
 *(.stab)

.stabstr
 *(.stabstr)

.stab.excl
 *(.stab.excl)

.stab.exclstr
 *(.stab.exclstr)

.stab.index
 *(.stab.index)

.stab.indexstr
 *(.stab.indexstr)

.comment        0x0000000000000000       0x5b
 *(.comment)
 .comment       0x0000000000000000       0x2f build/default/production/DIO.o
                                         0x30 (size before relaxing)
 .comment       0x000000000000002f       0x30 build/default/production/lcd1602.o
 .comment       0x000000000000002f       0x30 build/default/production/INTERRUPT.o
 .comment       0x000000000000002f       0x30 build/default/production/ADC.o
 .comment       0x000000000000002f       0x30 build/default/production/test.o
 .comment       0x000000000000002f       0x30 build/default/production/flex.o
 .comment       0x000000000000002f       0x30 build/default/production/glove.o
 .comment       0x000000000000002f       0x2c c:/program files/microchip/xc8/v2.50/avr/bin/../lib/gcc/avr/5.4.0/../../../../avr/lib/avr5\libc.a(exit.o)
                                         0x2d (size before relaxing)
 .comment       0x000000000000005b       0x2d c:/program files/microchip/xc8/v2.50/avr/bin/../lib/gcc/avr/5.4.0/../../../../avr/lib/avr5\libc.a(__sio_sprintf_doux.o)
 .comment       0x000000000000005b       0x2d c:/program files/microchip/xc8/v2.50/avr/bin/../lib/gcc/avr/5.4.0/../../../../avr/lib/avr5\libc.a(__fmt_d.o)
 .comment       0x000000000000005b       0x2d c:/program files/microchip/xc8/v2.50/avr/bin/../lib/gcc/avr/5.4.0/../../../../avr/lib/avr5\libc.a(__fmt_fp.o)
 .comment       0x000000000000005b       0x2d c:/program files/microchip/xc8/v2.50/avr/bin/../lib/gcc/avr/5.4.0/../../../../avr/lib/avr5\libc.a(__fmt_o.o)
 .comment       0x000000000000005b       0x2d c:/program files/microchip/xc8/v2.50/avr/bin/../lib/gcc/avr/5.4.0/../../../../avr/lib/avr5\libc.a(__fmt_s.o)
 .comment       0x000000000000005b       0x2d c:/program files/microchip/xc8/v2.50/avr/bin/../lib/gcc/avr/5.4.0/../../../../avr/lib/avr5\libc.a(__fmt_u.o)
 .comment       0x000000000000005b       0x2d c:/program files/microchip/xc8/v2.50/avr/bin/../lib/gcc/avr/5.4.0/../../../../avr/lib/avr5\libc.a(__fmt_x.o)
 .comment       0x000000000000005b       0x2d c:/program files/microchip/xc8/v2.50/avr/bin/../lib/gcc/avr/5.4.0/../../../../avr/lib/avr5\libc.a(__pop_int.o)
 .comment       0x000000000000005b       0x2d c:/program files/microchip/xc8/v2.50/avr/bin/../lib/gcc/avr/5.4.0/../../../../avr/lib/avr5\libc.a(__printf_core.o)
 .comment       0x000000000000005b       0x2d c:/program files/microchip/xc8/v2.50/avr/bin/../lib/gcc/avr/5.4.0/../../../../avr/lib/avr5\libc.a(fputc.o)
 .comment       0x000000000000005b       0x2d c:/program files/microchip/xc8/v2.50/avr/bin/../lib/gcc/avr/5.4.0/../../../../avr/lib/avr5\libc.a(__pop_float.o)
 .comment       0x000000000000005b       0x2d c:/program files/microchip/xc8/v2.50/avr/bin/../lib/gcc/avr/5.4.0/../../../../avr/lib/avr5\libc.a(memset.o)
 .comment       0x000000000000005b       0x2d c:/program files/microchip/xc8/v2.50/avr/bin/../lib/gcc/avr/5.4.0/../../../../avr/lib/avr5\libc.a(strcpy.o)
 .comment       0x000000000000005b       0x2d c:/program files/microchip/xc8/v2.50/avr/bin/../lib/gcc/avr/5.4.0/../../../../avr/lib/avr5\libc.a(strlen.o)
 .comment       0x000000000000005b       0x2d c:/program files/microchip/xc8/v2.50/avr/bin/../lib/gcc/avr/5.4.0/../../../../avr/lib/avr5\libc.a(tolower.o)
 .comment       0x000000000000005b       0x2d c:/program files/microchip/xc8/v2.50/avr/bin/../lib/gcc/avr/5.4.0/../../../../avr/lib/avr5\libc.a(toupper.o)
 .comment       0x000000000000005b       0x2d c:/program files/microchip/xc8/v2.50/avr/bin/../lib/gcc/avr/5.4.0/../../../../avr/lib/avr5\libc.a(errno.o)
 .comment       0x000000000000005b       0x2d c:/program files/microchip/xc8/v2.50/avr/bin/../lib/gcc/avr/5.4.0/../../../../avr/lib/avr5\libc.a(_Exit.o)
 .comment       0x000000000000005b       0x2d c:/program files/microchip/xc8/v2.50/avr/bin/../lib/gcc/avr/5.4.0/../../../../avr/lib/avr5\libc.a(__int_vsprintf.o)
 .comment       0x000000000000005b       0x2d c:/program files/microchip/xc8/v2.50/avr/bin/../lib/gcc/avr/5.4.0/../../../../avr/lib/avr5\libc.a(__int_vsnprintf.o)
 .comment       0x000000000000005b       0x2d c:/program files/microchip/xc8/v2.50/avr/bin/../lib/gcc/avr/5.4.0/../../../../avr/lib/avr5\libc.a(__int_vfprintf.o)
 .comment       0x000000000000005b       0x2d c:/program files/microchip/xc8/v2.50/avr/bin/../lib/gcc/avr/5.4.0/../../../../avr/lib/avr5\libm.a(floorf.o)

.stack.descriptors.hdr
                0x0000000000000000      0x284
 .stack.descriptors.hdr
                0x0000000000000000        0xe c:/program files/microchip/xc8/v2.50/avr/bin/../lib/gcc/avr/5.4.0/../../../../avr/lib/avr5\libm.a(addsf3.o)
 .stack.descriptors.hdr
                0x000000000000000e        0xe c:/program files/microchip/xc8/v2.50/avr/bin/../lib/gcc/avr/5.4.0/../../../../avr/lib/avr5\libm.a(addsf3x.o)
 .stack.descriptors.hdr
                0x000000000000001c        0xe c:/program files/microchip/xc8/v2.50/avr/bin/../lib/gcc/avr/5.4.0/../../../../avr/lib/avr5\libm.a(cmpsf2.o)
 .stack.descriptors.hdr
                0x000000000000002a        0xe c:/program files/microchip/xc8/v2.50/avr/bin/../lib/gcc/avr/5.4.0/../../../../avr/lib/avr5\libm.a(divsf3.o)
 .stack.descriptors.hdr
                0x0000000000000038        0xe c:/program files/microchip/xc8/v2.50/avr/bin/../lib/gcc/avr/5.4.0/../../../../avr/lib/avr5\libm.a(divsf3x.o)
 .stack.descriptors.hdr
                0x0000000000000046        0xe c:/program files/microchip/xc8/v2.50/avr/bin/../lib/gcc/avr/5.4.0/../../../../avr/lib/avr5\libm.a(fixunssfsi.o)
 .stack.descriptors.hdr
                0x0000000000000054        0xe c:/program files/microchip/xc8/v2.50/avr/bin/../lib/gcc/avr/5.4.0/../../../../avr/lib/avr5\libm.a(floatsisf.o)
 .stack.descriptors.hdr
                0x0000000000000062        0xe c:/program files/microchip/xc8/v2.50/avr/bin/../lib/gcc/avr/5.4.0/../../../../avr/lib/avr5\libm.a(fp_cmp.o)
 .stack.descriptors.hdr
                0x0000000000000070        0xe c:/program files/microchip/xc8/v2.50/avr/bin/../lib/gcc/avr/5.4.0/../../../../avr/lib/avr5\libm.a(fp_inf.o)
 .stack.descriptors.hdr
                0x000000000000007e        0xe c:/program files/microchip/xc8/v2.50/avr/bin/../lib/gcc/avr/5.4.0/../../../../avr/lib/avr5\libm.a(fp_nan.o)
 .stack.descriptors.hdr
                0x000000000000008c        0xe c:/program files/microchip/xc8/v2.50/avr/bin/../lib/gcc/avr/5.4.0/../../../../avr/lib/avr5\libm.a(fp_pscA.o)
 .stack.descriptors.hdr
                0x000000000000009a        0xe c:/program files/microchip/xc8/v2.50/avr/bin/../lib/gcc/avr/5.4.0/../../../../avr/lib/avr5\libm.a(fp_pscB.o)
 .stack.descriptors.hdr
                0x00000000000000a8        0xe c:/program files/microchip/xc8/v2.50/avr/bin/../lib/gcc/avr/5.4.0/../../../../avr/lib/avr5\libm.a(fp_round.o)
 .stack.descriptors.hdr
                0x00000000000000b6        0xe c:/program files/microchip/xc8/v2.50/avr/bin/../lib/gcc/avr/5.4.0/../../../../avr/lib/avr5\libm.a(fp_split3.o)
 .stack.descriptors.hdr
                0x00000000000000c4        0xe c:/program files/microchip/xc8/v2.50/avr/bin/../lib/gcc/avr/5.4.0/../../../../avr/lib/avr5\libm.a(fp_zero.o)
 .stack.descriptors.hdr
                0x00000000000000d2        0xe c:/program files/microchip/xc8/v2.50/avr/bin/../lib/gcc/avr/5.4.0/../../../../avr/lib/avr5\libm.a(gesf2.o)
 .stack.descriptors.hdr
                0x00000000000000e0        0xe c:/program files/microchip/xc8/v2.50/avr/bin/../lib/gcc/avr/5.4.0/../../../../avr/lib/avr5\libm.a(mulsf3.o)
 .stack.descriptors.hdr
                0x00000000000000ee        0xe c:/program files/microchip/xc8/v2.50/avr/bin/../lib/gcc/avr/5.4.0/../../../../avr/lib/avr5\libm.a(mulsf3x.o)
 .stack.descriptors.hdr
                0x00000000000000fc        0xe c:/program files/microchip/xc8/v2.50/avr/bin/../lib/gcc/avr/5.4.0/avr5\libgcc.a(_divmodhi4.o)
 .stack.descriptors.hdr
                0x000000000000010a        0xe c:/program files/microchip/xc8/v2.50/avr/bin/../lib/gcc/avr/5.4.0/avr5\libgcc.a(_udivmodhi4.o)
 .stack.descriptors.hdr
                0x0000000000000118        0xe c:/program files/microchip/xc8/v2.50/avr/bin/../lib/gcc/avr/5.4.0/../../../../avr/lib/avr5\libc.a(exit.o)
 .stack.descriptors.hdr
                0x0000000000000126        0xe c:/program files/microchip/xc8/v2.50/avr/bin/../lib/gcc/avr/5.4.0/../../../../avr/lib/avr5\libc.a(__sio_sprintf_doux.o)
 .stack.descriptors.hdr
                0x0000000000000134        0xe c:/program files/microchip/xc8/v2.50/avr/bin/../lib/gcc/avr/5.4.0/../../../../avr/lib/avr5\libc.a(__fmt_d.o)
 .stack.descriptors.hdr
                0x0000000000000142        0xe c:/program files/microchip/xc8/v2.50/avr/bin/../lib/gcc/avr/5.4.0/../../../../avr/lib/avr5\libc.a(__fmt_fp.o)
 .stack.descriptors.hdr
                0x0000000000000150        0xe c:/program files/microchip/xc8/v2.50/avr/bin/../lib/gcc/avr/5.4.0/../../../../avr/lib/avr5\libc.a(__fmt_o.o)
 .stack.descriptors.hdr
                0x000000000000015e        0xe c:/program files/microchip/xc8/v2.50/avr/bin/../lib/gcc/avr/5.4.0/../../../../avr/lib/avr5\libc.a(__fmt_s.o)
 .stack.descriptors.hdr
                0x000000000000016c        0xe c:/program files/microchip/xc8/v2.50/avr/bin/../lib/gcc/avr/5.4.0/../../../../avr/lib/avr5\libc.a(__fmt_u.o)
 .stack.descriptors.hdr
                0x000000000000017a        0xe c:/program files/microchip/xc8/v2.50/avr/bin/../lib/gcc/avr/5.4.0/../../../../avr/lib/avr5\libc.a(__fmt_x.o)
 .stack.descriptors.hdr
                0x0000000000000188        0xe c:/program files/microchip/xc8/v2.50/avr/bin/../lib/gcc/avr/5.4.0/../../../../avr/lib/avr5\libc.a(__pop_int.o)
 .stack.descriptors.hdr
                0x0000000000000196        0xe c:/program files/microchip/xc8/v2.50/avr/bin/../lib/gcc/avr/5.4.0/../../../../avr/lib/avr5\libc.a(__printf_core.o)
 .stack.descriptors.hdr
                0x00000000000001a4        0xe c:/program files/microchip/xc8/v2.50/avr/bin/../lib/gcc/avr/5.4.0/../../../../avr/lib/avr5\libc.a(fputc.o)
 .stack.descriptors.hdr
                0x00000000000001b2        0xe c:/program files/microchip/xc8/v2.50/avr/bin/../lib/gcc/avr/5.4.0/../../../../avr/lib/avr5\libc.a(__pop_float.o)
 .stack.descriptors.hdr
                0x00000000000001c0        0xe c:/program files/microchip/xc8/v2.50/avr/bin/../lib/gcc/avr/5.4.0/../../../../avr/lib/avr5\libc.a(memset.o)
 .stack.descriptors.hdr
                0x00000000000001ce        0xe c:/program files/microchip/xc8/v2.50/avr/bin/../lib/gcc/avr/5.4.0/../../../../avr/lib/avr5\libc.a(strcpy.o)
 .stack.descriptors.hdr
                0x00000000000001dc        0xe c:/program files/microchip/xc8/v2.50/avr/bin/../lib/gcc/avr/5.4.0/../../../../avr/lib/avr5\libc.a(strlen.o)
 .stack.descriptors.hdr
                0x00000000000001ea        0xe c:/program files/microchip/xc8/v2.50/avr/bin/../lib/gcc/avr/5.4.0/../../../../avr/lib/avr5\libc.a(tolower.o)
 .stack.descriptors.hdr
                0x00000000000001f8        0xe c:/program files/microchip/xc8/v2.50/avr/bin/../lib/gcc/avr/5.4.0/../../../../avr/lib/avr5\libc.a(toupper.o)
 .stack.descriptors.hdr
                0x0000000000000206        0xe c:/program files/microchip/xc8/v2.50/avr/bin/../lib/gcc/avr/5.4.0/../../../../avr/lib/avr5\libc.a(errno.o)
 .stack.descriptors.hdr
                0x0000000000000214        0xe c:/program files/microchip/xc8/v2.50/avr/bin/../lib/gcc/avr/5.4.0/../../../../avr/lib/avr5\libc.a(_Exit.o)
 .stack.descriptors.hdr
                0x0000000000000222        0xe c:/program files/microchip/xc8/v2.50/avr/bin/../lib/gcc/avr/5.4.0/../../../../avr/lib/avr5\libc.a(__int_vsprintf.o)
 .stack.descriptors.hdr
                0x0000000000000230        0xe c:/program files/microchip/xc8/v2.50/avr/bin/../lib/gcc/avr/5.4.0/../../../../avr/lib/avr5\libc.a(__int_vsnprintf.o)
 .stack.descriptors.hdr
                0x000000000000023e        0xe c:/program files/microchip/xc8/v2.50/avr/bin/../lib/gcc/avr/5.4.0/../../../../avr/lib/avr5\libc.a(__int_vfprintf.o)
 .stack.descriptors.hdr
                0x000000000000024c        0xe c:/program files/microchip/xc8/v2.50/avr/bin/../lib/gcc/avr/5.4.0/avr5\libgcc.a(_udivmodsi4.o)
 .stack.descriptors.hdr
                0x000000000000025a        0xe c:/program files/microchip/xc8/v2.50/avr/bin/../lib/gcc/avr/5.4.0/avr5\libgcc.a(_exit.o)
 .stack.descriptors.hdr
                0x0000000000000268        0xe c:/program files/microchip/xc8/v2.50/avr/bin/../lib/gcc/avr/5.4.0/../../../../avr/lib/avr5\libm.a(fixsfsi.o)
 .stack.descriptors.hdr
                0x0000000000000276        0xe c:/program files/microchip/xc8/v2.50/avr/bin/../lib/gcc/avr/5.4.0/../../../../avr/lib/avr5\libm.a(floorf.o)

.note.GNU-stack
                0x0000000000000000        0x0
 .note.GNU-stack
                0x0000000000000000        0x0 c:/program files/microchip/xc8/v2.50/avr/bin/../lib/gcc/avr/5.4.0/../../../../avr/lib/avr5\libm.a(addsf3.o)
 .note.GNU-stack
                0x0000000000000000        0x0 c:/program files/microchip/xc8/v2.50/avr/bin/../lib/gcc/avr/5.4.0/../../../../avr/lib/avr5\libm.a(addsf3x.o)
 .note.GNU-stack
                0x0000000000000000        0x0 c:/program files/microchip/xc8/v2.50/avr/bin/../lib/gcc/avr/5.4.0/../../../../avr/lib/avr5\libm.a(cmpsf2.o)
 .note.GNU-stack
                0x0000000000000000        0x0 c:/program files/microchip/xc8/v2.50/avr/bin/../lib/gcc/avr/5.4.0/../../../../avr/lib/avr5\libm.a(divsf3.o)
 .note.GNU-stack
                0x0000000000000000        0x0 c:/program files/microchip/xc8/v2.50/avr/bin/../lib/gcc/avr/5.4.0/../../../../avr/lib/avr5\libm.a(divsf3x.o)
 .note.GNU-stack
                0x0000000000000000        0x0 c:/program files/microchip/xc8/v2.50/avr/bin/../lib/gcc/avr/5.4.0/../../../../avr/lib/avr5\libm.a(fixunssfsi.o)
 .note.GNU-stack
                0x0000000000000000        0x0 c:/program files/microchip/xc8/v2.50/avr/bin/../lib/gcc/avr/5.4.0/../../../../avr/lib/avr5\libm.a(floatsisf.o)
 .note.GNU-stack
                0x0000000000000000        0x0 c:/program files/microchip/xc8/v2.50/avr/bin/../lib/gcc/avr/5.4.0/../../../../avr/lib/avr5\libm.a(fp_cmp.o)
 .note.GNU-stack
                0x0000000000000000        0x0 c:/program files/microchip/xc8/v2.50/avr/bin/../lib/gcc/avr/5.4.0/../../../../avr/lib/avr5\libm.a(fp_inf.o)
 .note.GNU-stack
                0x0000000000000000        0x0 c:/program files/microchip/xc8/v2.50/avr/bin/../lib/gcc/avr/5.4.0/../../../../avr/lib/avr5\libm.a(fp_nan.o)
 .note.GNU-stack
                0x0000000000000000        0x0 c:/program files/microchip/xc8/v2.50/avr/bin/../lib/gcc/avr/5.4.0/../../../../avr/lib/avr5\libm.a(fp_pscA.o)
 .note.GNU-stack
                0x0000000000000000        0x0 c:/program files/microchip/xc8/v2.50/avr/bin/../lib/gcc/avr/5.4.0/../../../../avr/lib/avr5\libm.a(fp_pscB.o)
 .note.GNU-stack
                0x0000000000000000        0x0 c:/program files/microchip/xc8/v2.50/avr/bin/../lib/gcc/avr/5.4.0/../../../../avr/lib/avr5\libm.a(fp_round.o)
 .note.GNU-stack
                0x0000000000000000        0x0 c:/program files/microchip/xc8/v2.50/avr/bin/../lib/gcc/avr/5.4.0/../../../../avr/lib/avr5\libm.a(fp_split3.o)
 .note.GNU-stack
                0x0000000000000000        0x0 c:/program files/microchip/xc8/v2.50/avr/bin/../lib/gcc/avr/5.4.0/../../../../avr/lib/avr5\libm.a(fp_zero.o)
 .note.GNU-stack
                0x0000000000000000        0x0 c:/program files/microchip/xc8/v2.50/avr/bin/../lib/gcc/avr/5.4.0/../../../../avr/lib/avr5\libm.a(gesf2.o)
 .note.GNU-stack
                0x0000000000000000        0x0 c:/program files/microchip/xc8/v2.50/avr/bin/../lib/gcc/avr/5.4.0/../../../../avr/lib/avr5\libm.a(mulsf3.o)
 .note.GNU-stack
                0x0000000000000000        0x0 c:/program files/microchip/xc8/v2.50/avr/bin/../lib/gcc/avr/5.4.0/../../../../avr/lib/avr5\libm.a(mulsf3x.o)
 .note.GNU-stack
                0x0000000000000000        0x0 c:/program files/microchip/xc8/v2.50/avr/bin/../lib/gcc/avr/5.4.0/../../../../avr/lib/avr5\libc.a(exit.o)
 .note.GNU-stack
                0x0000000000000000        0x0 c:/program files/microchip/xc8/v2.50/avr/bin/../lib/gcc/avr/5.4.0/../../../../avr/lib/avr5\libc.a(__sio_sprintf_doux.o)
 .note.GNU-stack
                0x0000000000000000        0x0 c:/program files/microchip/xc8/v2.50/avr/bin/../lib/gcc/avr/5.4.0/../../../../avr/lib/avr5\libc.a(__fmt_d.o)
 .note.GNU-stack
                0x0000000000000000        0x0 c:/program files/microchip/xc8/v2.50/avr/bin/../lib/gcc/avr/5.4.0/../../../../avr/lib/avr5\libc.a(__fmt_fp.o)
 .note.GNU-stack
                0x0000000000000000        0x0 c:/program files/microchip/xc8/v2.50/avr/bin/../lib/gcc/avr/5.4.0/../../../../avr/lib/avr5\libc.a(__fmt_o.o)
 .note.GNU-stack
                0x0000000000000000        0x0 c:/program files/microchip/xc8/v2.50/avr/bin/../lib/gcc/avr/5.4.0/../../../../avr/lib/avr5\libc.a(__fmt_s.o)
 .note.GNU-stack
                0x0000000000000000        0x0 c:/program files/microchip/xc8/v2.50/avr/bin/../lib/gcc/avr/5.4.0/../../../../avr/lib/avr5\libc.a(__fmt_u.o)
 .note.GNU-stack
                0x0000000000000000        0x0 c:/program files/microchip/xc8/v2.50/avr/bin/../lib/gcc/avr/5.4.0/../../../../avr/lib/avr5\libc.a(__fmt_x.o)
 .note.GNU-stack
                0x0000000000000000        0x0 c:/program files/microchip/xc8/v2.50/avr/bin/../lib/gcc/avr/5.4.0/../../../../avr/lib/avr5\libc.a(__pop_int.o)
 .note.GNU-stack
                0x0000000000000000        0x0 c:/program files/microchip/xc8/v2.50/avr/bin/../lib/gcc/avr/5.4.0/../../../../avr/lib/avr5\libc.a(__printf_core.o)
 .note.GNU-stack
                0x0000000000000000        0x0 c:/program files/microchip/xc8/v2.50/avr/bin/../lib/gcc/avr/5.4.0/../../../../avr/lib/avr5\libc.a(fputc.o)
 .note.GNU-stack
                0x0000000000000000        0x0 c:/program files/microchip/xc8/v2.50/avr/bin/../lib/gcc/avr/5.4.0/../../../../avr/lib/avr5\libc.a(__pop_float.o)
 .note.GNU-stack
                0x0000000000000000        0x0 c:/program files/microchip/xc8/v2.50/avr/bin/../lib/gcc/avr/5.4.0/../../../../avr/lib/avr5\libc.a(memset.o)
 .note.GNU-stack
                0x0000000000000000        0x0 c:/program files/microchip/xc8/v2.50/avr/bin/../lib/gcc/avr/5.4.0/../../../../avr/lib/avr5\libc.a(strcpy.o)
 .note.GNU-stack
                0x0000000000000000        0x0 c:/program files/microchip/xc8/v2.50/avr/bin/../lib/gcc/avr/5.4.0/../../../../avr/lib/avr5\libc.a(strlen.o)
 .note.GNU-stack
                0x0000000000000000        0x0 c:/program files/microchip/xc8/v2.50/avr/bin/../lib/gcc/avr/5.4.0/../../../../avr/lib/avr5\libc.a(tolower.o)
 .note.GNU-stack
                0x0000000000000000        0x0 c:/program files/microchip/xc8/v2.50/avr/bin/../lib/gcc/avr/5.4.0/../../../../avr/lib/avr5\libc.a(toupper.o)
 .note.GNU-stack
                0x0000000000000000        0x0 c:/program files/microchip/xc8/v2.50/avr/bin/../lib/gcc/avr/5.4.0/../../../../avr/lib/avr5\libc.a(errno.o)
 .note.GNU-stack
                0x0000000000000000        0x0 c:/program files/microchip/xc8/v2.50/avr/bin/../lib/gcc/avr/5.4.0/../../../../avr/lib/avr5\libc.a(_Exit.o)
 .note.GNU-stack
                0x0000000000000000        0x0 c:/program files/microchip/xc8/v2.50/avr/bin/../lib/gcc/avr/5.4.0/../../../../avr/lib/avr5\libc.a(__int_vsprintf.o)
 .note.GNU-stack
                0x0000000000000000        0x0 c:/program files/microchip/xc8/v2.50/avr/bin/../lib/gcc/avr/5.4.0/../../../../avr/lib/avr5\libc.a(__int_vsnprintf.o)
 .note.GNU-stack
                0x0000000000000000        0x0 c:/program files/microchip/xc8/v2.50/avr/bin/../lib/gcc/avr/5.4.0/../../../../avr/lib/avr5\libc.a(__int_vfprintf.o)
 .note.GNU-stack
                0x0000000000000000        0x0 c:/program files/microchip/xc8/v2.50/avr/bin/../lib/gcc/avr/5.4.0/../../../../avr/lib/avr5\libm.a(fixsfsi.o)
 .note.GNU-stack
                0x0000000000000000        0x0 c:/program files/microchip/xc8/v2.50/avr/bin/../lib/gcc/avr/5.4.0/../../../../avr/lib/avr5\libm.a(floorf.o)

.note.gnu.build-id
 *(.note.gnu.build-id)

.debug
 *(.debug)

.line
 *(.line)

.debug_srcinfo
 *(.debug_srcinfo)

.debug_sfnames
 *(.debug_sfnames)

.debug_aranges  0x0000000000000000      0x238
 *(.debug_aranges)
 .debug_aranges
                0x0000000000000000       0xa0 build/default/production/DIO.o
 .debug_aranges
                0x00000000000000a0       0x60 build/default/production/lcd1602.o
 .debug_aranges
                0x0000000000000100       0x40 build/default/production/INTERRUPT.o
 .debug_aranges
                0x0000000000000140       0x70 build/default/production/ADC.o
 .debug_aranges
                0x00000000000001b0       0x28 build/default/production/test.o
 .debug_aranges
                0x00000000000001d8       0x30 build/default/production/flex.o
 .debug_aranges
                0x0000000000000208       0x30 build/default/production/glove.o

.debug_pubnames
 *(.debug_pubnames)

.debug_info     0x0000000000000000     0x3853
 *(.debug_info .gnu.linkonce.wi.*)
 .debug_info    0x0000000000000000      0x4e6 C:/Program Files/Microchip/MPLABX/v6.20/packs/Microchip/ATmega_DFP/3.1.264/xc8/avr/lib/avr5/crtatmega32a.o
 .debug_info    0x00000000000004e6      0xba0 build/default/production/DIO.o
 .debug_info    0x0000000000001086      0xc4d build/default/production/lcd1602.o
 .debug_info    0x0000000000001cd3      0x39f build/default/production/INTERRUPT.o
 .debug_info    0x0000000000002072      0x5d4 build/default/production/ADC.o
 .debug_info    0x0000000000002646      0x9a4 build/default/production/test.o
 .debug_info    0x0000000000002fea      0x415 build/default/production/flex.o
 .debug_info    0x00000000000033ff      0x454 build/default/production/glove.o

.debug_abbrev   0x0000000000000000      0xe0b
 *(.debug_abbrev)
 .debug_abbrev  0x0000000000000000      0x4a3 C:/Program Files/Microchip/MPLABX/v6.20/packs/Microchip/ATmega_DFP/3.1.264/xc8/avr/lib/avr5/crtatmega32a.o
 .debug_abbrev  0x00000000000004a3      0x1cc build/default/production/DIO.o
 .debug_abbrev  0x000000000000066f      0x1fe build/default/production/lcd1602.o
 .debug_abbrev  0x000000000000086d       0x95 build/default/production/INTERRUPT.o
 .debug_abbrev  0x0000000000000902      0x128 build/default/production/ADC.o
 .debug_abbrev  0x0000000000000a2a      0x1e8 build/default/production/test.o
 .debug_abbrev  0x0000000000000c12      0x132 build/default/production/flex.o
 .debug_abbrev  0x0000000000000d44       0xc7 build/default/production/glove.o

.debug_line     0x0000000000000000     0x10e8
 *(.debug_line .debug_line.* .debug_line_end)
 .debug_line    0x0000000000000000      0x116 C:/Program Files/Microchip/MPLABX/v6.20/packs/Microchip/ATmega_DFP/3.1.264/xc8/avr/lib/avr5/crtatmega32a.o
 .debug_line    0x0000000000000116      0x42e build/default/production/DIO.o
 .debug_line    0x0000000000000544      0x368 build/default/production/lcd1602.o
 .debug_line    0x00000000000008ac      0x1d4 build/default/production/INTERRUPT.o
 .debug_line    0x0000000000000a80      0x239 build/default/production/ADC.o
 .debug_line    0x0000000000000cb9      0x20b build/default/production/test.o
 .debug_line    0x0000000000000ec4      0x116 build/default/production/flex.o
 .debug_line    0x0000000000000fda      0x10e build/default/production/glove.o

.debug_frame    0x0000000000000000      0x770
 *(.debug_frame)
 .debug_frame   0x0000000000000000      0x174 build/default/production/DIO.o
 .debug_frame   0x0000000000000174      0x1dc build/default/production/lcd1602.o
 .debug_frame   0x0000000000000350      0x13c build/default/production/INTERRUPT.o
 .debug_frame   0x000000000000048c      0x144 build/default/production/ADC.o
 .debug_frame   0x00000000000005d0       0x6c build/default/production/test.o
 .debug_frame   0x000000000000063c       0xa8 build/default/production/flex.o
 .debug_frame   0x00000000000006e4       0x8c build/default/production/glove.o

.debug_str      0x0000000000000000      0x301
 *(.debug_str)
 .debug_str     0x0000000000000000      0x196 C:/Program Files/Microchip/MPLABX/v6.20/packs/Microchip/ATmega_DFP/3.1.264/xc8/avr/lib/avr5/crtatmega32a.o
 .debug_str     0x0000000000000196       0x1b build/default/production/DIO.o
 .debug_str     0x00000000000001b1       0x2b build/default/production/lcd1602.o
 .debug_str     0x00000000000001dc        0x0 build/default/production/INTERRUPT.o
 .debug_str     0x00000000000001dc       0x2f build/default/production/ADC.o
 .debug_str     0x000000000000020b       0x7e build/default/production/test.o
 .debug_str     0x0000000000000289       0x5d build/default/production/flex.o
 .debug_str     0x00000000000002e6       0x1b build/default/production/glove.o

.debug_loc      0x0000000000000000     0x1365
 *(.debug_loc)
 .debug_loc     0x0000000000000000      0x412 build/default/production/DIO.o
 .debug_loc     0x0000000000000412      0x6e6 build/default/production/lcd1602.o
 .debug_loc     0x0000000000000af8       0x89 build/default/production/INTERRUPT.o
 .debug_loc     0x0000000000000b81      0x29d build/default/production/ADC.o
 .debug_loc     0x0000000000000e1e      0x2a7 build/default/production/test.o
 .debug_loc     0x00000000000010c5      0x1a2 build/default/production/flex.o
 .debug_loc     0x0000000000001267       0xfe build/default/production/glove.o

.debug_macinfo
 *(.debug_macinfo)

.debug_weaknames
 *(.debug_weaknames)

.debug_funcnames
 *(.debug_funcnames)

.debug_typenames
 *(.debug_typenames)

.debug_varnames
 *(.debug_varnames)

.debug_pubtypes
 *(.debug_pubtypes)

.debug_ranges   0x0000000000000000      0x1f8
 *(.debug_ranges)
 .debug_ranges  0x0000000000000000       0x90 build/default/production/DIO.o
 .debug_ranges  0x0000000000000090       0x50 build/default/production/lcd1602.o
 .debug_ranges  0x00000000000000e0       0x30 build/default/production/INTERRUPT.o
 .debug_ranges  0x0000000000000110       0x60 build/default/production/ADC.o
 .debug_ranges  0x0000000000000170       0x48 build/default/production/test.o
 .debug_ranges  0x00000000000001b8       0x20 build/default/production/flex.o
 .debug_ranges  0x00000000000001d8       0x20 build/default/production/glove.o

.debug_macro
 *(.debug_macro)
OUTPUT(dist/default/production/GloveForDeaf.X.production.elf elf32-avr)
LOAD linker stubs
LOAD data_init

.note.gnu.avr.deviceinfo
                0x0000000000000000       0x3c
 .note.gnu.avr.deviceinfo
                0x0000000000000000       0x3c C:/Program Files/Microchip/MPLABX/v6.20/packs/Microchip/ATmega_DFP/3.1.264/xc8/avr/lib/avr5/crtatmega32a.o

.bss.INT2_callback
                0x000000000080009e        0x2
 .bss.INT2_callback
                0x000000000080009e        0x2 build/default/production/INTERRUPT.o
                0x000000000080009e                INT2_callback

.bss.INT1_callback
                0x00000000008000a0        0x2
 .bss.INT1_callback
                0x00000000008000a0        0x2 build/default/production/INTERRUPT.o
                0x00000000008000a0                INT1_callback

.bss.INT0_callback
                0x00000000008000a2        0x2
 .bss.INT0_callback
                0x00000000008000a2        0x2 build/default/production/INTERRUPT.o
                0x00000000008000a2                INT0_callback

.bss.ADLAR_ON   0x00000000008000a8        0x1
 .bss.ADLAR_ON  0x00000000008000a8        0x1 build/default/production/ADC.o
                0x00000000008000a8                ADLAR_ON

.bss.ADC_INT_ON
                0x00000000008000a4        0x2
 .bss.ADC_INT_ON
                0x00000000008000a4        0x2 build/default/production/ADC.o
                0x00000000008000a4                ADC_INT_ON

.text.__fmt_fp  0x00000000000000c6      0x72c
 .text.__fmt_fp
                0x00000000000000c6      0x72c c:/program files/microchip/xc8/v2.50/avr/bin/../lib/gcc/avr/5.4.0/../../../../avr/lib/avr5\libc.a(__fmt_fp.o)
                0x00000000000000c6                __fmt_f_needed
                0x00000000000000c6                __fmt_fp

.text.vfpfcnvrt
                0x00000000000007f2      0x3fc
 .text.vfpfcnvrt
                0x00000000000007f2      0x3fc c:/program files/microchip/xc8/v2.50/avr/bin/../lib/gcc/avr/5.4.0/../../../../avr/lib/avr5\libc.a(__printf_core.o)
                0x00000000000007f2                vfpfcnvrt

.text.__fmt_x   0x0000000000000bee      0x1dc
 .text.__fmt_x  0x0000000000000bee      0x1dc c:/program files/microchip/xc8/v2.50/avr/bin/../lib/gcc/avr/5.4.0/../../../../avr/lib/avr5\libc.a(__fmt_x.o)
                0x0000000000000bee                __fmt_x_needed
                0x0000000000000bee                __fmt_x

.text.main      0x0000000000000dca      0x164
 .text.main     0x0000000000000dca      0x164 build/default/production/test.o
                0x0000000000000dca                main

.text.SET_PIN   0x0000000000000f2e      0x12a
 .text.SET_PIN  0x0000000000000f2e      0x12a build/default/production/DIO.o
                0x0000000000000f2e                SET_PIN

.text.SET_PIN_DIR
                0x0000000000001058      0x12a
 .text.SET_PIN_DIR
                0x0000000000001058      0x12a build/default/production/DIO.o
                0x0000000000001058                SET_PIN_DIR

.text.floorf    0x0000000000001182       0xe6
 .text.floorf   0x0000000000001182       0xe6 c:/program files/microchip/xc8/v2.50/avr/bin/../lib/gcc/avr/5.4.0/../../../../avr/lib/avr5\libm.a(floorf.o)
                0x0000000000001182                floorf

.text.__fmt_d   0x0000000000001268       0xe4
 .text.__fmt_d  0x0000000000001268       0xe4 c:/program files/microchip/xc8/v2.50/avr/bin/../lib/gcc/avr/5.4.0/../../../../avr/lib/avr5\libc.a(__fmt_d.o)
                0x0000000000001268                __fmt_d
                0x0000000000001268                __fmt_d_needed

.text           0x000000000000134c       0xde
 .text          0x000000000000134c       0xde c:/program files/microchip/xc8/v2.50/avr/bin/../lib/gcc/avr/5.4.0/../../../../avr/lib/avr5\libm.a(divsf3x.o)
                0x000000000000134c                __divsf3x
                0x0000000000001374                __divsf3_pse

.text           0x000000000000142a       0xd4
 .text          0x000000000000142a       0xd4 c:/program files/microchip/xc8/v2.50/avr/bin/../lib/gcc/avr/5.4.0/../../../../avr/lib/avr5\libm.a(mulsf3x.o)
                0x000000000000142a                __mulsf3x
                0x0000000000001450                __mulsf3_pse

.text.__pop_int
                0x00000000000014fe       0xd0
 .text.__pop_int
                0x00000000000014fe       0xd0 c:/program files/microchip/xc8/v2.50/avr/bin/../lib/gcc/avr/5.4.0/../../../../avr/lib/avr5\libc.a(__pop_int.o)
                0x00000000000014fe                __pop_int_needed
                0x00000000000014fe                __pop_int

.text           0x00000000000015ce       0xce
 .text          0x00000000000015ce       0xce c:/program files/microchip/xc8/v2.50/avr/bin/../lib/gcc/avr/5.4.0/../../../../avr/lib/avr5\libm.a(addsf3x.o)
                0x00000000000015ce                __addsf3x

.text.__cvt_u   0x000000000000169c       0xca
 .text.__cvt_u  0x000000000000169c       0xca c:/program files/microchip/xc8/v2.50/avr/bin/../lib/gcc/avr/5.4.0/../../../../avr/lib/avr5\libc.a(__fmt_u.o)
                0x000000000000169c                __cvt_u

.text.LCD1602_INIT
                0x0000000000001766       0xc2
 .text.LCD1602_INIT
                0x0000000000001766       0xc2 build/default/production/lcd1602.o
                0x0000000000001766                LCD1602_INIT

.text.__fmt_o   0x0000000000001828       0xb2
 .text.__fmt_o  0x0000000000001828       0xb2 c:/program files/microchip/xc8/v2.50/avr/bin/../lib/gcc/avr/5.4.0/../../../../avr/lib/avr5\libc.a(__fmt_o.o)
                0x0000000000001828                __fmt_o
                0x0000000000001828                __fmt_o_needed

.text.FLEX_SAMPLE
                0x00000000000018da       0xb0
 .text.FLEX_SAMPLE
                0x00000000000018da       0xb0 build/default/production/flex.o
                0x00000000000018da                FLEX_SAMPLE

.text.LCD1602_CMD
                0x000000000000198a       0xaa
 .text.LCD1602_CMD
                0x000000000000198a       0xaa build/default/production/lcd1602.o
                0x000000000000198a                LCD1602_CMD

.text.LCD1602_CHAR
                0x0000000000001a34       0xaa
 .text.LCD1602_CHAR
                0x0000000000001a34       0xaa build/default/production/lcd1602.o
                0x0000000000001a34                LCD1602_CHAR

.text.fputc     0x0000000000001ade       0x98
 .text.fputc    0x0000000000001ade       0x98 c:/program files/microchip/xc8/v2.50/avr/bin/../lib/gcc/avr/5.4.0/../../../../avr/lib/avr5\libc.a(fputc.o)
                0x0000000000001ade                fputc
                0x0000000000001ade                putc

.text.__fmt_u   0x0000000000001b76       0x8e
 .text.__fmt_u  0x0000000000001b76       0x8e c:/program files/microchip/xc8/v2.50/avr/bin/../lib/gcc/avr/5.4.0/../../../../avr/lib/avr5\libc.a(__fmt_u.o)
                0x0000000000001b76                __fmt_u_needed
                0x0000000000001b76                __fmt_u

.text.updateLCD
                0x0000000000001c04       0x84
 .text.updateLCD
                0x0000000000001c04       0x84 build/default/production/test.o
                0x0000000000001c04                updateLCD

.text           0x0000000000001c88       0x7a
 .text          0x0000000000001c88       0x7a c:/program files/microchip/xc8/v2.50/avr/bin/../lib/gcc/avr/5.4.0/../../../../avr/lib/avr5\libm.a(floatsisf.o)
                0x0000000000001c88                __floatunsisf
                0x0000000000001c8c                __floatsisf

.text.__printf_core
                0x0000000000001d02       0x78
 .text.__printf_core
                0x0000000000001d02       0x78 c:/program files/microchip/xc8/v2.50/avr/bin/../lib/gcc/avr/5.4.0/../../../../avr/lib/avr5\libc.a(__printf_core.o)
                0x0000000000001d02                __printf_core

.text.__vsnprintf
                0x0000000000001d7a       0x74
 .text.__vsnprintf
                0x0000000000001d7a       0x74 c:/program files/microchip/xc8/v2.50/avr/bin/../lib/gcc/avr/5.4.0/../../../../avr/lib/avr5\libc.a(__int_vsnprintf.o)
                0x0000000000001d7a                __vsnprintf

.text.__pad     0x0000000000001dee       0x72
 .text.__pad    0x0000000000001dee       0x72 c:/program files/microchip/xc8/v2.50/avr/bin/../lib/gcc/avr/5.4.0/../../../../avr/lib/avr5\libc.a(__printf_core.o)
                0x0000000000001dee                __pad

.text.LCD1602_INT
                0x0000000000001e60       0x68
 .text.LCD1602_INT
                0x0000000000001e60       0x68 build/default/production/lcd1602.o
                0x0000000000001e60                LCD1602_INT

.text.FLEX_INIT
                0x0000000000001ec8       0x5e
 .text.FLEX_INIT
                0x0000000000001ec8       0x5e build/default/production/flex.o
                0x0000000000001ec8                FLEX_INIT

.text           0x0000000000001f26       0x5e
 .text          0x0000000000001f26       0x5e c:/program files/microchip/xc8/v2.50/avr/bin/../lib/gcc/avr/5.4.0/../../../../avr/lib/avr5\libm.a(fixunssfsi.o)
                0x0000000000001f26                __fixunssfsi

.text.read_prec_or_width
                0x0000000000001f84       0x5c
 .text.read_prec_or_width
                0x0000000000001f84       0x5c c:/program files/microchip/xc8/v2.50/avr/bin/../lib/gcc/avr/5.4.0/../../../../avr/lib/avr5\libc.a(__printf_core.o)

.text.GLOVE_GET_STATES
                0x0000000000001fe0       0x58
 .text.GLOVE_GET_STATES
                0x0000000000001fe0       0x58 build/default/production/glove.o
                0x0000000000001fe0                GLOVE_GET_STATES

.text.__fmt_s   0x0000000000002038       0x54
 .text.__fmt_s  0x0000000000002038       0x54 c:/program files/microchip/xc8/v2.50/avr/bin/../lib/gcc/avr/5.4.0/../../../../avr/lib/avr5\libc.a(__fmt_s.o)
                0x0000000000002038                __fmt_s
                0x0000000000002038                __fmt_0_needed
                0x0000000000002038                __fmt_s_needed

.text.__vector_1
                0x000000000000208c       0x52
 .text.__vector_1
                0x000000000000208c       0x52 build/default/production/INTERRUPT.o
                0x000000000000208c                __vector_1

.text.__vector_2
                0x00000000000020de       0x52
 .text.__vector_2
                0x00000000000020de       0x52 build/default/production/INTERRUPT.o
                0x00000000000020de                __vector_2

.text.__vector_3
                0x0000000000002130       0x52
 .text.__vector_3
                0x0000000000002130       0x52 build/default/production/INTERRUPT.o
                0x0000000000002130                __vector_3

.text.__vector_16
                0x0000000000002182       0x52
 .text.__vector_16
                0x0000000000002182       0x52 build/default/production/ADC.o
                0x0000000000002182                __vector_16

.text.GET_PORT_PIN_NUM
                0x00000000000021d4       0x4e
 .text.GET_PORT_PIN_NUM
                0x00000000000021d4       0x4e build/default/production/DIO.o

.text.GLOVE_SAMPLE
                0x0000000000002222       0x4c
 .text.GLOVE_SAMPLE
                0x0000000000002222       0x4c build/default/production/glove.o
                0x0000000000002222                GLOVE_SAMPLE

.text           0x000000000000226e       0x48
 .text          0x000000000000226e       0x48 c:/program files/microchip/xc8/v2.50/avr/bin/../lib/gcc/avr/5.4.0/../../../../avr/lib/avr5\libm.a(fp_cmp.o)
                0x000000000000226e                __fp_cmp

.text           0x00000000000022b6       0x44
 .text          0x00000000000022b6       0x44 c:/program files/microchip/xc8/v2.50/avr/bin/../lib/gcc/avr/5.4.0/../../../../avr/lib/avr5\libm.a(fp_split3.o)
                0x00000000000022b6                __fp_split3
                0x00000000000022c6                __fp_splitA

.text.libgcc.div
                0x00000000000022fa       0x44
 .text.libgcc.div
                0x00000000000022fa       0x44 c:/program files/microchip/xc8/v2.50/avr/bin/../lib/gcc/avr/5.4.0/avr5\libgcc.a(_udivmodsi4.o)
                0x00000000000022fa                __udivmodsi4

.text.__fmt_state
                0x000000000000233e       0x40
 .text.__fmt_state
                0x000000000000233e       0x40 c:/program files/microchip/xc8/v2.50/avr/bin/../lib/gcc/avr/5.4.0/../../../../avr/lib/avr5\libc.a(__printf_core.o)
                0x000000000000233e                __fmt_state

.text.__pop_float
                0x000000000000237e       0x40
 .text.__pop_float
                0x000000000000237e       0x40 c:/program files/microchip/xc8/v2.50/avr/bin/../lib/gcc/avr/5.4.0/../../../../avr/lib/avr5\libc.a(__pop_float.o)
                0x000000000000237e                __pop_float_needed
                0x000000000000237e                __pop_float

.text.__out     0x00000000000023be       0x3a
 .text.__out    0x00000000000023be       0x3a c:/program files/microchip/xc8/v2.50/avr/bin/../lib/gcc/avr/5.4.0/../../../../avr/lib/avr5\libc.a(__printf_core.o)
                0x00000000000023be                __out

.text.libgcc.prologue
                0x00000000000023f8       0x38
 .text.libgcc.prologue
                0x00000000000023f8       0x38 c:/program files/microchip/xc8/v2.50/avr/bin/../lib/gcc/avr/5.4.0/avr5\libgcc.a(_prologue.o)
                0x00000000000023f8                __prologue_saves__

.text.libgcc.prologue
                0x0000000000002430       0x36
 .text.libgcc.prologue
                0x0000000000002430       0x36 c:/program files/microchip/xc8/v2.50/avr/bin/../lib/gcc/avr/5.4.0/avr5\libgcc.a(_epilogue.o)
                0x0000000000002430                __epilogue_restores__

.text.__vfprintf
                0x0000000000002466       0x30
 .text.__vfprintf
                0x0000000000002466       0x30 c:/program files/microchip/xc8/v2.50/avr/bin/../lib/gcc/avr/5.4.0/../../../../avr/lib/avr5\libc.a(__int_vfprintf.o)
                0x0000000000002466                __vfprintf

.text.LCD1602_STR
                0x0000000000002496       0x2a
 .text.LCD1602_STR
                0x0000000000002496       0x2a build/default/production/lcd1602.o
                0x0000000000002496                LCD1602_STR

.text.libgcc.div
                0x00000000000024c0       0x28
 .text.libgcc.div
                0x00000000000024c0       0x28 c:/program files/microchip/xc8/v2.50/avr/bin/../lib/gcc/avr/5.4.0/avr5\libgcc.a(_divmodhi4.o)
                0x00000000000024c0                _div
                0x00000000000024c0                __divmodhi4

.text.libgcc.div
                0x00000000000024e8       0x28
 .text.libgcc.div
                0x00000000000024e8       0x28 c:/program files/microchip/xc8/v2.50/avr/bin/../lib/gcc/avr/5.4.0/avr5\libgcc.a(_udivmodhi4.o)
                0x00000000000024e8                __udivmodhi4

.text.LCD1602_EN
                0x0000000000002510       0x24
 .text.LCD1602_EN
                0x0000000000002510       0x24 build/default/production/lcd1602.o
                0x0000000000002510                LCD1602_EN

.text.__wrap_sprintf
                0x0000000000002534       0x24
 .text.__wrap_sprintf
                0x0000000000002534       0x24 c:/program files/microchip/xc8/v2.50/avr/bin/../lib/gcc/avr/5.4.0/../../../../avr/lib/avr5\libc.a(__sio_sprintf_doux.o)
                0x0000000000002534                _sprintf_cdopuxX

.text           0x0000000000002558       0x22
 .text          0x0000000000002558       0x22 c:/program files/microchip/xc8/v2.50/avr/bin/../lib/gcc/avr/5.4.0/../../../../avr/lib/avr5\libm.a(fp_round.o)
                0x0000000000002558                __fp_round

.text.ADC_READ  0x000000000000257a       0x1c
 .text.ADC_READ
                0x000000000000257a       0x1c build/default/production/ADC.o
                0x000000000000257a                ADC_READ

.text.strlen    0x0000000000002596       0x1c
 .text.strlen   0x0000000000002596       0x1c c:/program files/microchip/xc8/v2.50/avr/bin/../lib/gcc/avr/5.4.0/../../../../avr/lib/avr5\libc.a(strlen.o)
                0x0000000000002596                strlen

.text.ADC_ADMUX_CONFIG
                0x00000000000025b2       0x1a
 .text.ADC_ADMUX_CONFIG
                0x00000000000025b2       0x1a build/default/production/ADC.o

.text.ADC_INIT_POLL
                0x00000000000025cc       0x1a
 .text.ADC_INIT_POLL
                0x00000000000025cc       0x1a build/default/production/ADC.o
                0x00000000000025cc                ADC_INIT_POLL

.text.exit      0x00000000000025e6       0x16
 .text.exit     0x00000000000025e6       0x16 c:/program files/microchip/xc8/v2.50/avr/bin/../lib/gcc/avr/5.4.0/../../../../avr/lib/avr5\libc.a(exit.o)
                0x00000000000025e6                exit

.text.SET_PORTA_DIR
                0x00000000000025fc       0x14
 .text.SET_PORTA_DIR
                0x00000000000025fc       0x14 build/default/production/DIO.o
                0x00000000000025fc                SET_PORTA_DIR

.text.memset    0x0000000000002610       0x12
 .text.memset   0x0000000000002610       0x12 c:/program files/microchip/xc8/v2.50/avr/bin/../lib/gcc/avr/5.4.0/../../../../avr/lib/avr5\libc.a(memset.o)
                0x0000000000002610                memset

.text.toupper   0x0000000000002622       0x12
 .text.toupper  0x0000000000002622       0x12 c:/program files/microchip/xc8/v2.50/avr/bin/../lib/gcc/avr/5.4.0/../../../../avr/lib/avr5\libc.a(toupper.o)
                0x0000000000002622                toupper

.text.strcpy    0x0000000000002634       0x10
 .text.strcpy   0x0000000000002634       0x10 c:/program files/microchip/xc8/v2.50/avr/bin/../lib/gcc/avr/5.4.0/../../../../avr/lib/avr5\libc.a(strcpy.o)
                0x0000000000002634                strcpy

.text.tolower   0x0000000000002644       0x10
 .text.tolower  0x0000000000002644       0x10 c:/program files/microchip/xc8/v2.50/avr/bin/../lib/gcc/avr/5.4.0/../../../../avr/lib/avr5\libc.a(tolower.o)
                0x0000000000002644                tolower

.text.ADC_CHANGE_CHANNEL
                0x0000000000002654        0xe
 .text.ADC_CHANGE_CHANNEL
                0x0000000000002654        0xe build/default/production/ADC.o
                0x0000000000002654                ADC_CHANGE_CHANNEL

.text           0x0000000000002662        0xe
 .text          0x0000000000002662        0xe c:/program files/microchip/xc8/v2.50/avr/bin/../lib/gcc/avr/5.4.0/../../../../avr/lib/avr5\libm.a(addsf3.o)
                0x0000000000002662                __subsf3
                0x0000000000002664                __addsf3

.text           0x0000000000002670        0xe
 .text          0x0000000000002670        0xe c:/program files/microchip/xc8/v2.50/avr/bin/../lib/gcc/avr/5.4.0/../../../../avr/lib/avr5\libm.a(fp_pscA.o)
                0x0000000000002670                __fp_pscA

.text           0x000000000000267e        0xe
 .text          0x000000000000267e        0xe c:/program files/microchip/xc8/v2.50/avr/bin/../lib/gcc/avr/5.4.0/../../../../avr/lib/avr5\libm.a(fp_pscB.o)
                0x000000000000267e                __fp_pscB

.text           0x000000000000268c        0xe
 .text          0x000000000000268c        0xe c:/program files/microchip/xc8/v2.50/avr/bin/../lib/gcc/avr/5.4.0/../../../../avr/lib/avr5\libm.a(fp_zero.o)
                0x000000000000268c                __fp_zero
                0x000000000000268e                __fp_szero

.text.__vsprintf
                0x000000000000269a        0xe
 .text.__vsprintf
                0x000000000000269a        0xe c:/program files/microchip/xc8/v2.50/avr/bin/../lib/gcc/avr/5.4.0/../../../../avr/lib/avr5\libc.a(__int_vsprintf.o)
                0x000000000000269a                __vsprintf

.text           0x00000000000026a8        0xe
 .text          0x00000000000026a8        0xe c:/program files/microchip/xc8/v2.50/avr/bin/../lib/gcc/avr/5.4.0/../../../../avr/lib/avr5\libm.a(fixsfsi.o)
                0x00000000000026a8                __fixsfsi

.text           0x00000000000026b6        0xc
 .text          0x00000000000026b6        0xc c:/program files/microchip/xc8/v2.50/avr/bin/../lib/gcc/avr/5.4.0/../../../../avr/lib/avr5\libm.a(fp_inf.o)
                0x00000000000026b6                __fp_inf

.text.GLOVE_INIT
                0x00000000000026c2        0xa
 .text.GLOVE_INIT
                0x00000000000026c2        0xa build/default/production/glove.o
                0x00000000000026c2                GLOVE_INIT

.text           0x00000000000026cc        0xa
 .text          0x00000000000026cc        0xa c:/program files/microchip/xc8/v2.50/avr/bin/../lib/gcc/avr/5.4.0/../../../../avr/lib/avr5\libm.a(cmpsf2.o)
                0x00000000000026cc                __nesf2
                0x00000000000026cc                __eqsf2
                0x00000000000026cc                __cmpsf2
                0x00000000000026cc                __ltsf2
                0x00000000000026cc                __lesf2

.text           0x00000000000026d6        0xa
 .text          0x00000000000026d6        0xa c:/program files/microchip/xc8/v2.50/avr/bin/../lib/gcc/avr/5.4.0/../../../../avr/lib/avr5\libm.a(gesf2.o)
                0x00000000000026d6                __gesf2
                0x00000000000026d6                __gtsf2

.text.ADC_MANUAL_SAMPLE
                0x00000000000026e0        0x8
 .text.ADC_MANUAL_SAMPLE
                0x00000000000026e0        0x8 build/default/production/ADC.o
                0x00000000000026e0                ADC_MANUAL_SAMPLE

.text           0x00000000000026e8        0x8
 .text          0x00000000000026e8        0x8 c:/program files/microchip/xc8/v2.50/avr/bin/../lib/gcc/avr/5.4.0/../../../../avr/lib/avr5\libm.a(divsf3.o)
                0x00000000000026e8                __divsf3

.text           0x00000000000026f0        0x8
 .text          0x00000000000026f0        0x8 c:/program files/microchip/xc8/v2.50/avr/bin/../lib/gcc/avr/5.4.0/../../../../avr/lib/avr5\libm.a(mulsf3.o)
                0x00000000000026f0                __mulsf3

.text.FLEX_GET_STATE
                0x00000000000026f8        0x6
 .text.FLEX_GET_STATE
                0x00000000000026f8        0x6 build/default/production/flex.o
                0x00000000000026f8                FLEX_GET_STATE

.text           0x00000000000026fe        0x6
 .text          0x00000000000026fe        0x6 c:/program files/microchip/xc8/v2.50/avr/bin/../lib/gcc/avr/5.4.0/../../../../avr/lib/avr5\libm.a(fp_nan.o)
                0x00000000000026fe                __fp_nan

.text           0x0000000000002704        0x4
 .text          0x0000000000002704        0x4 C:/Program Files/Microchip/MPLABX/v6.20/packs/Microchip/ATmega_DFP/3.1.264/xc8/avr/lib/avr5/crtatmega32a.o
                0x0000000000002704                __vector_12
                0x0000000000002704                __bad_interrupt
                0x0000000000002704                __vector_6
                0x0000000000002704                __vector_11
                0x0000000000002704                __vector_13
                0x0000000000002704                __vector_17
                0x0000000000002704                __vector_19
                0x0000000000002704                __vector_7
                0x0000000000002704                __vector_5
                0x0000000000002704                __vector_4
                0x0000000000002704                __vector_9
                0x0000000000002704                __vector_15
                0x0000000000002704                __vector_8
                0x0000000000002704                __vector_14
                0x0000000000002704                __vector_10
                0x0000000000002704                __vector_18
                0x0000000000002704                __vector_20

.text._Exit     0x0000000000002708        0x4
 .text._Exit    0x0000000000002708        0x4 c:/program files/microchip/xc8/v2.50/avr/bin/../lib/gcc/avr/5.4.0/../../../../avr/lib/avr5\libc.a(_Exit.o)
                0x0000000000002708                _Exit

.text.__dummy_fini
                0x000000000000270c        0x2
 .text.__dummy_fini
                0x000000000000270c        0x2 c:/program files/microchip/xc8/v2.50/avr/bin/../lib/gcc/avr/5.4.0/../../../../avr/lib/avr5\libc.a(exit.o)
                0x000000000000270c                _fini

.text.__dummy_funcs_on_exit
                0x000000000000270e        0x2
 .text.__dummy_funcs_on_exit
                0x000000000000270e        0x2 c:/program files/microchip/xc8/v2.50/avr/bin/../lib/gcc/avr/5.4.0/../../../../avr/lib/avr5\libc.a(exit.o)
                0x000000000000270e                __funcs_on_exit

.text.__dummy_simulator_exit
                0x0000000000002710        0x2
 .text.__dummy_simulator_exit
                0x0000000000002710        0x2 c:/program files/microchip/xc8/v2.50/avr/bin/../lib/gcc/avr/5.4.0/../../../../avr/lib/avr5\libc.a(exit.o)
                0x0000000000002710                __simulator_exit

.rodata.state_table
                0x0000000000800062       0x16 load address 0x0000000000002712
 .rodata.state_table
                0x0000000000800062       0x16 c:/program files/microchip/xc8/v2.50/avr/bin/../lib/gcc/avr/5.4.0/../../../../avr/lib/avr5\libc.a(__printf_core.o)

.rodata         0x0000000000800078       0x10 load address 0x0000000000002728
 .rodata        0x0000000000800078       0x10 c:/program files/microchip/xc8/v2.50/avr/bin/../lib/gcc/avr/5.4.0/../../../../avr/lib/avr5\libc.a(__fmt_fp.o)

.rodata         0x0000000000800088        0x9 load address 0x0000000000002738
 .rodata        0x0000000000800088        0x9 build/default/production/lcd1602.o

.rodata.nuls.2781
                0x0000000000800091        0x7 load address 0x0000000000002741
 .rodata.nuls.2781
                0x0000000000800091        0x7 c:/program files/microchip/xc8/v2.50/avr/bin/../lib/gcc/avr/5.4.0/../../../../avr/lib/avr5\libc.a(__fmt_s.o)

.rodata.nilstr.2962
                0x0000000000800098        0x6 load address 0x0000000000002748
 .rodata.nilstr.2962
                0x0000000000800098        0x6 c:/program files/microchip/xc8/v2.50/avr/bin/../lib/gcc/avr/5.4.0/../../../../avr/lib/avr5\libc.a(__printf_core.o)

.rodata         0x00000000008000a6        0x2 load address 0x000000000000274e
 .rodata        0x00000000008000a6        0x2 build/default/production/test.o
